00e00000 T __image_copy_start
00e00000 T _start
00e00020 T _undefined_instruction
00e00024 T _software_interrupt
00e00028 T _prefetch_abort
00e0002c T _data_abort
00e00030 T _not_used
00e00034 T _irq
00e00038 T _fiq
00e00040 T IRQ_STACK_START_IN
00e00060 t undefined_instruction
00e000c0 t software_interrupt
00e00120 t prefetch_abort
00e00180 t data_abort
00e001e0 t not_used
00e00240 t irq
00e002a0 t fiq
00e00300 T reset
00e00318 T c_runtime_cpu_setup
00e0031c t cpu_init_crit
00e00320 t flush_dcache
00e00358 T cleanup_before_linux
00e00374 W l2_cache_disable
00e00378 T print_cpuinfo
00e00440 T arch_cpu_init
00e00448 T timer_init
00e00490 T get_ticks
00e00514 T __udelay
00e00594 T get_timer
00e005f4 T get_tbclk
00e005fc T reset_cpu
00e00634 T relocate_vectors
00e00638 T _main
00e00680 t here
00e00694 t clbss_l
00e006f0 T relocate_code
00e00700 t copy_loop
00e00718 t fixloop
00e00738 t fixnext
00e00740 t relocate_done
00e00758 t boot_jump_linux.isra.5
00e00808 T arch_lmb_reserve
00e0082c W setup_board_tags
00e00830 t boot_prep_linux
00e009e4 T do_bootm_linux
00e00a4c T boot_prep_vxworks
00e00a50 T boot_jump_vxworks
00e00a64 W arch_reserve_stacks
00e00a80 T interrupt_init
00e00a9c T enable_interrupts
00e00aa0 T disable_interrupts
00e00aa8 T bad_mode
00e00ab8 T show_regs
00e00c2c T do_undefined_instruction
00e00c4c T do_software_interrupt
00e00c6c T do_prefetch_abort
00e00c8c T do_data_abort
00e00cac T do_not_used
00e00ccc T do_fiq
00e00cec T do_irq
00e00d0c W reset_misc
00e00d10 T do_reset
00e00d44 W flush_dcache_range
00e00d48 W flush_cache
00e00d50 T icache_disable
00e00d54 T dcache_enable
00e00d58 T dcache_disable
00e00d5c T dcache_status
00e00d64 T dram_init_banksize
00e00e10 T dram_init
00e00e64 T board_early_init_f
00e00e88 T board_mmc_init
00e00fa0 T enable_caches
00e00fa4 T board_init
00e00fb8 T board_late_init
00e00fc0 T checkboard
00e00fd8 T lowlevel_init
00e00fdc W do_go_exec
00e00ff4 t do_go
00e01064 T do_bootm
00e01170 T do_bootd
00e01190 t image_info
00e01274 t do_iminfo
00e012d4 T bootm_maybe_autostart
00e0134c t do_help
00e01394 t do_version
00e013cc T source
00e014cc t do_source
00e01510 t print_num
00e01528 t do_bdinfo
00e016b4 t do_coninfo
00e01764 t do_echo
00e01814 t load_elf_image_shdr
00e018a0 T valid_elf_image
00e018ec T do_bootelf
00e01aa0 T do_bootvx
00e01dfc t do_exit
00e01e2c T do_fat_size
00e01e44 T do_fat_fsload
00e01e5c t do_fat_ls
00e01e74 t do_fat_fsinfo
00e01f04 t evalexp
00e01f7c t evalstr
00e01fe8 t binary_test
00e0219c t do_itest
00e02234 t bin_data_init
00e02260 t k_data_save
00e022ac t k_data_restore
00e022f8 t getcxmodem
00e02318 t load_serial_ymodem
00e023e8 t bin_data_char
00e02414 t chk1.constprop.1
00e02440 t s1_sendpacket.constprop.2
00e02490 t load_serial
00e0268c t do_load_serial
00e02768 t do_load_serial_bin
00e02f08 t do_mem_mw
00e02fc8 t do_mem_loop
00e030cc t do_mem_md
00e031b4 t do_mem_cmp
00e0331c t do_mem_base
00e0335c t do_mem_cp
00e03434 t do_mem_crc
00e03480 t mod_mem.isra.2
00e035e8 t do_mem_mm
00e035f0 t do_mem_nm
00e035f8 t do_sleep
00e036cc t do_timer
00e03778 t do_mmcops
00e0382c t init_mmc_device
00e03880 t do_mmc_rescan
00e038a4 t do_mmc_hwpartition
00e03da8 t do_mmc_list
00e03dbc t do_mmc_dev
00e03efc t do_mmc_part
00e03f5c t do_mmc_erase
00e04048 t do_mmc_write
00e0414c t do_mmc_read
00e0423c t do_mmcinfo
00e045c8 t do_mmc_setdsr
00e0467c t netboot_common
00e0490c t do_bootp
00e04918 t do_nfs
00e04924 T do_tftpb
00e04964 t do_false
00e0496c t do_true
00e04974 t do_test
00e04cc4 t do_imgextract
00e04f6c t do_env_delete
00e05010 t do_env_exists
00e05074 t do_env_save
00e050a0 t do_env
00e050fc t env_print
00e051bc t do_env_print
00e05284 t do_env_import
00e05508 t do_env_default
00e055c0 t _do_env_set.isra.1
00e05784 t do_env_set
00e057a4 T get_env_id
00e057b4 T setenv
00e05810 T setenv_hex
00e05844 t do_env_export
00e05ac0 T envmatch
00e05b30 T getenv_f
00e05bf8 T getenv
00e05c70 T getenv_ulong
00e05ca0 t do_env_edit.part.3
00e05d3c t do_env_edit
00e05d68 T board_init_f_alloc_reserve
00e05d74 T board_init_f_init_reserve
00e05d80 W show_boot_progress
00e05d88 T main_loop
00e05db0 t dummy
00e05db4 T get_version
00e05dbc T jumptable_init
00e05f9c T hash_command
00e0604c t b_reset
00e06068 t static_get
00e06084 t static_peek
00e06090 t file_peek
00e0609c t mapset
00e060bc t syntax_err
00e060c8 t free_pipe_list
00e061b8 t xmalloc
00e061d8 t new_pipe
00e06200 t xrealloc
00e06220 t done_command
00e062ac t done_pipe
00e062f4 t done_word
00e065d8 t do_showvar
00e066c8 t is_assignment
00e0671c t file_get
00e06900 t b_addchr
00e06978 t b_addqchr
00e069c8 T get_local_var
00e06a5c T set_local_var
00e06c14 t insert_var_value_sub
00e06ebc T parse_string_outer
00e06fa4 t run_list_real
00e07790 t parse_stream_outer
00e07e5c T parse_file_outer
00e07ea0 T u_boot_hush_start
00e07ef4 T bootdelay_process
00e07f44 T autoboot_command
00e08048 t display_text_info
00e08050 t setup_mon_len
00e08070 W mach_cpu_init
00e08078 t reserve_round_4k
00e08090 t reserve_trace
00e08098 t reserve_uboot
00e080c8 t reserve_malloc
00e080dc t setup_machine
00e080e4 t reserve_global_data
00e08100 t reserve_fdt
00e08160 t display_new_sp
00e08168 t initf_console_record
00e08170 t initf_dm
00e08178 W reserve_arch
00e08180 W arch_cpu_init_dm
00e08188 t announce_dram_init
00e081a0 t init_baud_rate
00e081cc t mark_bootstage
00e081e0 t setup_reloc
00e08214 t reloc_fdt
00e08250 t reserve_board
00e08288 W coloured_LED_init
00e0828c W red_led_on
00e08290 W board_add_ram_info
00e08294 t show_dram_config
00e082e0 t setup_dram_config
00e082f0 W board_get_usable_ram_top
00e082fc W board_reserve_ram_top
00e08300 t setup_dest_addr
00e08350 t reserve_stacks
00e0836c T board_init_f
00e08394 t bootstage_relocate
00e0839c t initr_trace
00e083a4 t initr_reloc
00e083bc t initr_reloc_global_data
00e083e4 t initr_barrier
00e083ec t initr_console_record
00e083f4 W power_init_board
00e083fc t initr_announce
00e08404 t run_main_loop
00e08410 t initr_net
00e0842c t initr_ethaddr
00e0844c t initr_enable_interrupts
00e0845c t initr_jumptable
00e0846c t initr_env
00e0849c t initr_mmc
00e084bc t initr_serial
00e084cc t initr_bootstage
00e084e0 t initr_malloc
00e084fc t initr_caches
00e0850c W cpu_secondary_init_r
00e08510 t initr_secondary_cpu
00e08520 T board_init_r
00e08534 T show_board_info
00e08538 T bootm_find_images
00e08584 T bootm_decomp_image
00e086d8 T do_bootm_states
00e08e40 t copy_args
00e08e90 t do_bootm_rtems
00e08ed0 t do_bootm_plan9
00e08f74 t do_bootm_standalone
00e08fd8 t do_bootm_qnxelf
00e09030 t do_bootm_netbsd
00e09128 T do_bootvx_fdt
00e09164 t do_bootm_vxworks
00e09188 W arch_preboot_os
00e0918c T boot_selected_os
00e091e8 T bootm_os_get_boot_func
00e091f8 t regex_callback
00e0932c T env_attr_walk
00e09444 T env_attr_lookup
00e094cc t clear_callback
00e094dc t find_env_callback
00e09540 t on_callbacks
00e09590 t set_callback
00e09628 T env_callback_init
00e096ec t skip_num
00e09760 t clear_flags
00e09770 t on_flags
00e097c0 T env_flags_parse_vartype
00e09810 T env_flags_parse_varaccess
00e09868 t set_flags
00e09918 T eth_validate_ethaddr_str
00e099ac T env_flags_init
00e09a84 T env_flags_validate
00e09d1c W mmc_get_env_addr
00e09d2c W mmc_get_env_dev
00e09d34 T env_init
00e09d50 T saveenv
00e09e88 T env_relocate_spec
00e09f84 W env_get_char_spec
00e09f90 T env_get_addr
00e09fb0 T env_get_char_memory
00e09fc0 T env_get_char
00e09ff0 T getenv_yesno
00e0a038 T getenv_default
00e0a068 T set_default_env
00e0a134 T set_default_vars
00e0a170 T env_import
00e0a254 T env_export
00e0a2f8 T env_relocate
00e0a328 T env_complete
00e0a404 t console_setfile
00e0a4c0 T puts
00e0a500 T fgetc
00e0a52c T getc
00e0a550 T ftstc
00e0a57c T tstc
00e0a5a0 T fputc
00e0a5c4 T putc
00e0a5ec T ctrlc
00e0a644 T had_ctrlc
00e0a654 T clear_ctrlc
00e0a668 T search_device
00e0a690 T console_assign
00e0a6d4 t on_console
00e0a78c T console_init_f
00e0a79c T stdio_print_current_devices
00e0a84c T console_init_r
00e0a920 T sbrk
00e0a990 T mem_malloc_init
00e0a9c4 t malloc_trim
00e0aa90 t free
00e0acc4 t malloc
00e0b2a4 t calloc
00e0b380 t realloc
00e0b838 t memalign
00e0b9a8 T initf_malloc
00e0b9b0 t on_loadaddr
00e0b9e8 T image_check_hcrc
00e0ba48 T image_check_dcrc
00e0baa8 T image_multi_count
00e0bac4 T image_multi_getimg
00e0bb68 T getenv_bootm_low
00e0bb90 T getenv_bootm_size
00e0bbf8 T getenv_bootm_mapsize
00e0bc28 T memmove_wd
00e0bc34 T genimg_print_size
00e0bc64 T get_table_entry
00e0bc88 T get_table_entry_name
00e0bca8 T genimg_get_os_name
00e0bcc0 T genimg_get_arch_name
00e0bcd8 T genimg_get_type_name
00e0bcf0 T genimg_get_comp_name
00e0bd08 T image_print_contents
00e0beb0 T genimg_get_kernel_addr_fit
00e0bed4 T genimg_get_format
00e0bf08 T genimg_get_image
00e0bf0c T boot_get_ramdisk
00e0c178 T boot_ramdisk_high
00e0c2a4 T boot_get_setup
00e0c2ac W get_effective_memsize
00e0c2b4 t stdio_serial_tstc
00e0c2b8 t stdio_serial_getc
00e0c2bc t stdio_serial_puts
00e0c2c4 t stdio_serial_putc
00e0c2cc T stdio_get_list
00e0c2d8 T stdio_get_by_name
00e0c324 T stdio_clone
00e0c364 T stdio_register_dev
00e0c3b4 T stdio_register
00e0c3bc T stdio_init_tables
00e0c3d8 T stdio_add_devices
00e0c450 T run_command
00e0c460 T run_command_list
00e0c4dc T do_run
00e0c554 T cli_loop
00e0c560 T cli_init
00e0c564 t delete_char.part.0
00e0c634 t cread_add_char
00e0c71c T cli_readline_into_buffer
00e0d17c T cli_readline
00e0d190 T find_cmd_tbl
00e0d234 T find_cmd
00e0d25c T cmd_usage
00e0d2b8 T _do_help
00e0d43c T var_complete
00e0d4bc T cmd_auto_complete
00e0d970 T cmd_get_data_size
00e0d9cc T cmd_process
00e0dab4 t hex1_bin
00e0daf4 t hex2_bin
00e0db2c T srec_decode
00e0dd84 t CYGACC_COMM_IF_GETC_TIMEOUT.isra.0
00e0ddd0 t xyzModem_flush
00e0ddec t xyzModem_get_hdr
00e0e024 T xyzModem_stream_open
00e0e26c T xyzModem_stream_read
00e0e4b8 T xyzModem_stream_close
00e0e50c T xyzModem_stream_terminate
00e0e5a0 T xyzModem_error
00e0e5c0 T dev_print
00e0e7e0 T part_init
00e0e840 T part_print
00e0e978 T part_get_info
00e0e9e8 T blk_get_device_by_str
00e0eb3c T blk_get_device_part_str
00e0ef2c T part_set_generic_name
00e0ef78 t test_block_type
00e0eff4 t print_partition_extended
00e0f24c T part_print_dos
00e0f280 t part_test_dos
00e0f2dc t part_get_info_extended.constprop.5
00e0f550 T part_get_info_dos
00e0f570 t get_desc
00e0f5d8 T blk_driver_lookup_type
00e0f620 T blk_get_devnum_by_type
00e0f65c T blk_dselect_hwpart
00e0f6a4 T blk_get_devnum_by_typename
00e0f720 T blk_select_hwpart_devnum
00e0f76c T find_mmc_device
00e0f7b8 t mmc_select_hwpartp
00e0f80c t mmc_get_dev
00e0f83c T mmc_get_next_devnum
00e0f854 T mmc_get_blk_desc
00e0f85c T get_mmc_num
00e0f86c T mmc_do_preinit
00e0f8a8 T mmc_list_init
00e0f8cc T mmc_list_add
00e0f8f0 T print_mmc_devices
00e0f9b0 T mmc_create
00e0fa8c t mmc_set_ios
00e0faac t mmc_set_capacity
00e0fb64 W board_mmc_getwp
00e0fb6c T mmc_getwp
00e0fbb0 T board_mmc_getcd
00e0fc34 T mmc_send_cmd
00e0fc4c t mmc_send_ext_csd
00e0fc98 t mmc_go_idle
00e0fce4 t mmc_send_op_cond_iter
00e0fd5c T mmc_send_status
00e0fe2c T mmc_set_blocklen
00e0fe68 T mmc_bread
00e0ffc4 T mmc_switch
00e10018 T mmc_switch_part
00e1007c T mmc_hwpart_config
00e104d4 T mmc_getcd
00e10510 T mmc_set_clock
00e10534 t mmc_startup
00e11438 W board_mmc_power_init
00e1143c T mmc_start_init
00e116bc T mmc_init
00e117bc T mmc_set_dsr
00e117c8 W cpu_mmc_init
00e117d0 T mmc_initialize
00e11824 T mmc_berase
00e119e8 T mmc_bwrite
00e11b88 t _nuc970_emmc_init
00e11c38 T nuc970_sd_set_ios
00e11d30 T nuc970_emmc_set_ios
00e11e28 t _nuc970_sd_init
00e11ed4 T nuc970_sd_check_ready_busy
00e11f20 T nuc970_sd_send_cmd
00e1222c T nuc970_emmc_check_ready_busy
00e12278 T nuc970_emmc_send_cmd
00e1254c T nuc970_mmc_init
00e125f0 t serial_stub_start
00e12604 t serial_stub_stop
00e12618 t serial_stub_putc
00e12630 t serial_stub_puts
00e12648 T serial_stub_getc
00e1265c T serial_stub_tstc
00e12670 t get_current
00e126b0 W amirix_serial_initialize
00e126b0 W arc_serial_initialize
00e126b0 W arm_dcc_initialize
00e126b0 W asc_serial_initialize
00e126b0 W atmel_serial_initialize
00e126b0 W au1x00_serial_initialize
00e126b0 W bfin_jtag_initialize
00e126b0 W bfin_serial_initialize
00e126b0 W bmw_serial_initialize
00e126b0 W clps7111_serial_initialize
00e126b0 W cogent_serial_initialize
00e126b0 W cpci750_serial_initialize
00e126b0 W evb64260_serial_initialize
00e126b0 W imx_serial_initialize
00e126b0 W iop480_serial_initialize
00e126b0 W jz_serial_initialize
00e126b0 W leon2_serial_initialize
00e126b0 W leon3_serial_initialize
00e126b0 W lh7a40x_serial_initialize
00e126b0 W lpc32xx_serial_initialize
00e126b0 W marvell_serial_initialize
00e126b0 W max3100_serial_initialize
00e126b0 W mcf_serial_initialize
00e126b0 W ml2_serial_initialize
00e126b0 W mpc512x_serial_initialize
00e126b0 W mpc5xx_serial_initialize
00e126b0 W mpc8260_scc_serial_initialize
00e126b0 W mpc8260_smc_serial_initialize
00e126b0 W mpc85xx_serial_initialize
00e126b0 W mpc8xx_serial_initialize
00e126b0 W mxc_serial_initialize
00e126b0 W mxs_auart_initialize
00e126b0 W ns16550_serial_initialize
00e126b0 W oc_serial_initialize
00e126b0 W p3mx_serial_initialize
00e126b0 W pl01x_serial_initialize
00e126b0 W pxa_serial_initialize
00e126b0 W s3c24xx_serial_initialize
00e126b0 W s5p_serial_initialize
00e126b0 W sa1100_serial_initialize
00e126b0 W sandbox_serial_initialize
00e126b0 W sconsole_serial_initialize
00e126b0 W sh_serial_initialize
00e126b0 W stm32_serial_initialize
00e126b0 W uartlite_serial_initialize
00e126b0 W zynq_serial_initialize
00e126b0 t serial_null
00e126b4 T serial_register
00e126cc T serial_stdio_init
00e12774 T serial_assign
00e127c0 T serial_initialize
00e1288c T serial_init
00e128ac T serial_setbrg
00e128c0 t on_baudrate
00e129a4 T serial_getc
00e129b8 T serial_tstc
00e129cc T serial_putc
00e129e8 T serial_puts
00e12a04 T nuc970_serial_init
00e12a3c T nuc970_serial_getc
00e12a58 T nuc970_serial_tstc
00e12a70 T nuc970_serial_setbrg
00e12a74 T nuc970_serial_putc
00e12ab0 T nuc970_serial_puts
00e12ad0 T nuc970_serial_initialize
00e12adc W default_serial_console
00e12ae8 t fs_probe_unsupported
00e12b00 t fs_ls_unsupported
00e12b08 t fs_exists_unsupported
00e12b10 t fs_size_unsupported
00e12b18 t fs_read_unsupported
00e12b20 t fs_write_unsupported
00e12b28 t fs_close_unsupported
00e12b2c t fs_uuid_unsupported
00e12b34 t fs_get_info
00e12b54 t fs_close
00e12b7c T fs_set_blk_dev
00e12c34 T fs_ls
00e12c70 T fs_exists
00e12ca4 T fs_size
00e12ce0 T fs_read
00e12d80 T do_size
00e12de0 T do_load
00e13038 T do_ls
00e130a0 T file_exists
00e130cc t downcase
00e130fc t disk_read
00e13160 t dirdelim
00e13190 t get_fatent
00e132e8 t mkcksum
00e1333c t get_cluster
00e134b4 t get_name
00e13560 t read_bootsectandvi
00e13684 t slot2str
00e13744 t get_vfatname
00e13908 T fat_set_blk_dev
00e139d8 T do_fat_read_at
00e14708 T do_fat_read
00e14744 T file_fat_detectfs
00e1488c T file_fat_ls
00e148b8 T fat_exists
00e148fc T fat_size
00e14934 T file_fat_read_at
00e14994 T fat_read_file
00e149dc T fat_close
00e149e0 T zcalloc
00e149e8 T zcfree
00e149f0 T inflate_fast
00e14f98 T inflate_table
00e15500 T inflateReset
00e1557c T inflateInit2_
00e15684 T inflateEnd
00e156e8 T adler32
00e15a3c T inflate
00e16f38 T crc16_ccitt
00e16f78 T gzalloc
00e16f88 T gzfree
00e16f90 T zunzip
00e170a0 T gunzip
00e17168 T initcall_run_list
00e171c8 t lmb_add_region
00e17388 T lmb_init
00e173b0 T lmb_add
00e173b4 T lmb_reserve
00e173bc T __lmb_alloc_base
00e17524 T lmb_alloc_base
00e17558 T lmb_alloc
00e17560 W board_lmb_reserve
00e17564 T string_to_ip
00e175d8 T qsort
00e176bc T strcmp_compar
00e176c8 t cmpkey
00e176dc t _hdelete.isra.1
00e1772c t drop_var_from_set.part.2
00e1777c t match_string
00e17830 t match_entry
00e178f0 T hcreate_r
00e1799c T hdestroy_r
00e17a10 T hmatch_r
00e17ab0 T hsearch_r
00e17f30 T hdelete_r
00e18004 T hexport_r
00e182c8 T himport_r
00e186b8 T hwalk_r
00e18710 T display_options
00e18730 T print_size
00e18864 T print_buffer
00e18a20 T crc32_no_comp
00e18af8 T crc32
00e18b0c T crc32_wd
00e18b10 T __div64_32
00e18be4 T hang
00e18c00 T skip_spaces
00e18c28 T strim
00e18c88 t emit
00e18cac t store_char_in_data
00e18cd4 t get_escape_char
00e18d58 t match
00e1914c t loop_greedy
00e191dc t loop_non_greedy
00e1925c t fixup_branch
00e19298 t quantifier
00e19350 t compile
00e196e8 T slre_compile
00e197c0 T slre_match
00e19858 T strcpy
00e19874 T strncpy
00e19898 T strcat
00e198c8 T strncat
00e1991c T strcmp
00e1994c T strncmp
00e19990 T strchr
00e199bc T strlen
00e199dc T strnlen
00e19a0c T strdup
00e19a48 T memset
00e19aa8 T memcpy
00e19b08 T memmove
00e19b5c T memcmp
00e19b90 T strstr
00e19bf8 T udelay
00e19c28 T mdelay
00e19c4c t put_dec_trunc
00e19d44 t string
00e19dfc t put_dec
00e19f48 t number
00e1a208 t vsnprintf_internal
00e1a8b8 T vscnprintf
00e1a8dc T snprintf
00e1a904 T vsprintf
00e1a918 T sprintf
00e1a940 T printf
00e1a984 T vprintf
00e1a9b8 t panic_finish
00e1a9e8 T panic
00e1aa04 T simple_strtoul
00e1aabc T strict_strtoul
00e1ab38 T simple_strtol
00e1ab60 T ustrtoul
00e1abd0 T simple_strtoull
00e1acac T ustrtoull
00e1ad34 T compute_ip_checksum
00e1ada4 T arp_init
00e1adf4 T arp_raw_request
00e1aebc T arp_request
00e1af3c T arp_timeout_check
00e1afd0 t bootp_handler
00e1b374 T bootp_reset
00e1b3b8 T bootp_request
00e1b6a8 t bootp_timeout_handler
00e1b718 W board_eth_init
00e1b718 W cpu_eth_init
00e1b718 t __def_eth_init
00e1b720 T eth_set_current_to_next
00e1b738 T eth_set_dev
00e1b748 T eth_get_dev_by_name
00e1b7cc T eth_get_dev_by_index
00e1b814 T eth_get_dev_index
00e1b830 T eth_write_hwaddr
00e1ba18 t on_ethaddr
00e1babc T eth_initialize
00e1bc44 T eth_init
00e1bcc0 T eth_halt
00e1bcf0 T eth_send
00e1bd28 T eth_rx
00e1bd54 T eth_parse_enetaddr
00e1bdac T eth_getenv_enetaddr
00e1be08 T eth_setenv_enetaddr
00e1be3c T eth_getenv_enetaddr_by_index
00e1be8c T eth_setenv_enetaddr_by_index
00e1bedc T eth_common_init
00e1bee4 T eth_mac_skip
00e1bf24 T eth_get_name
00e1bf44 T eth_current_changed
00e1bfe0 T eth_try_another
00e1c064 T eth_set_current
00e1c0f0 t start_again_timeout_handler
00e1c104 t dummy_handler
00e1c108 t on_ipaddr
00e1c130 t on_gatewayip
00e1c158 t on_netmask
00e1c180 t on_serverip
00e1c1a8 t net_init_loop
00e1c1d0 t net_clear_handlers
00e1c204 T net_auto_load
00e1c268 T net_init
00e1c2d8 T net_start_again
00e1c444 T net_loop
00e1c774 T net_set_udp_handler
00e1c794 T net_set_timeout_handler
00e1c7e0 T net_eth_hdr_size
00e1c820 T net_set_ether
00e1c8c8 T net_set_ip_header
00e1c954 T net_set_udp_header
00e1c9f8 T net_send_udp_packet
00e1cb0c T copy_filename
00e1cb54 t on_bootfile
00e1cb88 T ip_to_string
00e1cbdc T string_to_vlan
00e1cc34 t on_nvlan
00e1cc5c t on_vlan
00e1cc84 t rpc_lookup_reply
00e1cd8c t nfs_mount_reply
00e1ce64 t nfs_umountall_reply
00e1cf2c t nfs_lookup_reply
00e1d0c0 t nfs3_get_attributes_offset
00e1d0e8 t nfs_readlink_reply
00e1d258 t basename
00e1d294 t rpc_req
00e1d408 t nfs_umountall_req
00e1d49c t nfs_read_reply.isra.2
00e1d684 t nfs_readlink_req
00e1d770 t nfs_mount_req
00e1d850 t nfs_read_req
00e1d9dc t nfs_lookup_req
00e1db9c t nfs_send
00e1dcf0 t nfs_handler
00e1df48 t nfs_timeout_handler
00e1dfac T nfs_start
00e1e130 t tftp_send
00e1e2f8 t tftp_handler
00e1e6b0 t tftp_timeout_handler
00e1e738 T tftp_start
00e1eac4 T __aeabi_llsl
00e1eac4 T __ashldi3
00e1eae0 T __aeabi_uidiv
00e1eae0 T __udivsi3
00e1eb7c T __aeabi_idiv
00e1eb7c T __divsi3
00e1ec48 T __aeabi_uidivmod
00e1ec60 T __aeabi_idivmod
00e1ec78 t Ldiv0
00e1ec88 T __aeabi_llsr
00e1ec88 T __lshrdi3
00e1eca4 T __div0
00e1ed28 r CSWTCH.28
00e1ed48 r CSWTCH.46
00e1ed68 r CSWTCH.9
00e1ed84 r boot_os
00e1ede4 r crc_table
00e1f1e4 r env_flags_varaccess_mask
00e1f1f4 r ext_csd_bits.9101
00e1f208 r ext_to_hostcaps.9102
00e1f224 r fbase
00e1f234 r nuc970_emmc_ops
00e1f248 r nuc970_sd_ops
00e1f25c R op_adv
00e1f35c r op_table
00e1f3c4 r sd_au_size
00e1f404 r uimage_arch
00e1f53c r uimage_comp
00e1f590 r uimage_os
00e1f608 r uimage_type
00e1f770 r widths.9103
00e1f784 r crc16_tab
00e1f984 r dbase.7104
00e1f9c4 r dext.7105
00e1fa04 r distfix
00e1fa84 r lbase.7102
00e1fac2 r lenfix
00e202c2 r lext.7103
00e20300 r order.7198
00e20330 r CSWTCH.66
00e20346 r __FUNCTION__.7448
00e20358 r __FUNCTION__.7510
00e2036c r __func__.7164
00e2037c r __func__.7180
00e20387 r __func__.7187
00e20392 r __func__.7539
00e203a0 r __func__.7576
00e203ae R _ctype
00e204ae R default_environment
00e204cc r digits.6759
00e204dc r env_flags_varaccess_rep
00e204e1 r env_flags_vartype_rep
00e204e8 r erase_seq
00e204ec r hex_asc
00e204fd r multipliers
00e2050d r names.6906
00e20513 R net_bcast_ethaddr
00e25c6c r tab_seq
00e25c75 V version_string
00e25cd0 d bootm_help_text
00e25f18 d cmd_bootm_sub
00e25ff8 d source_help_text
00e26048 d do_echo
00e2604c d dp_last_length
00e26050 d curr_device
00e26054 d cmd_mmc
00e2616c d imgextract_help_text
00e261c1 d env_help_text
00e26410 d env_id
00e26414 d cmd_env_sub
00e2652c d reserved_list
00e265b0 d init_sequence_f
00e26644 D init_sequence_r
00e266ac d first_call
00e266b0 d first_call
00e266b4 D env_name_spec
00e266b8 D env_htab
00e266c8 d av_
00e26ad0 d sbrk_base
00e26ad4 d trim_threshold
00e26ad8 D load_addr
00e26adc D stdio_names
00e26ae8 d hist_cur
00e26aec d cur_dev_num
00e26af0 d nuc970_emmc_cfg
00e26b10 d nuc970_sd_cfg
00e26b30 d nuc970_serial_drv
00e26b60 d fstypes
00e26bb8 d first_call.7294
00e26bbc D net_native_vlan
00e26bbe D net_our_vlan
00e26bc0 d nfs_offset
00e26bc4 d supported_nfs_versions
00e26bc6 d tftp_block_size_option
00e26bc8 D tftp_timeout_count_max
00e26bcc d timeout_ms
00e26bd0 d tftp_block_size
00e26bd4 d timeout_count_max
00e26be4 D _u_boot_list_2_blk_driver_2_mmc
00e26be4 d start.6899
00e26be4 d start.6903
00e26be4 d start.6918
00e26be4 d start.6922
00e26bfc D _u_boot_list_2_cmd_2_base
00e26bfc d end.6906
00e26bfc d end.6925
00e26bfc d start.6707
00e26bfc d start.6711
00e26bfc d start.6780
00e26bfc d start.6784
00e26bfc d start.6811
00e26bfc d start.6815
00e26c18 D _u_boot_list_2_cmd_2_bdinfo
00e26c34 D _u_boot_list_2_cmd_2_boot
00e26c50 D _u_boot_list_2_cmd_2_bootd
00e26c6c D _u_boot_list_2_cmd_2_bootelf
00e26c88 D _u_boot_list_2_cmd_2_bootm
00e26ca4 D _u_boot_list_2_cmd_2_bootp
00e26cc0 D _u_boot_list_2_cmd_2_bootvx
00e26cdc D _u_boot_list_2_cmd_2_cmp
00e26cf8 D _u_boot_list_2_cmd_2_coninfo
00e26d14 D _u_boot_list_2_cmd_2_cp
00e26d30 D _u_boot_list_2_cmd_2_crc32
00e26d4c D _u_boot_list_2_cmd_2_echo
00e26d68 D _u_boot_list_2_cmd_2_editenv
00e26d84 D _u_boot_list_2_cmd_2_env
00e26da0 D _u_boot_list_2_cmd_2_exit
00e26dbc D _u_boot_list_2_cmd_2_false
00e26dd8 D _u_boot_list_2_cmd_2_fatinfo
00e26df4 D _u_boot_list_2_cmd_2_fatload
00e26e10 D _u_boot_list_2_cmd_2_fatls
00e26e2c D _u_boot_list_2_cmd_2_fatsize
00e26e48 D _u_boot_list_2_cmd_2_go
00e26e64 D _u_boot_list_2_cmd_2_help
00e26e80 D _u_boot_list_2_cmd_2_iminfo
00e26e9c D _u_boot_list_2_cmd_2_imxtract
00e26eb8 D _u_boot_list_2_cmd_2_itest
00e26ed4 D _u_boot_list_2_cmd_2_loadb
00e26ef0 D _u_boot_list_2_cmd_2_loads
00e26f0c D _u_boot_list_2_cmd_2_loadx
00e26f28 D _u_boot_list_2_cmd_2_loady
00e26f44 D _u_boot_list_2_cmd_2_loop
00e26f60 D _u_boot_list_2_cmd_2_md
00e26f7c D _u_boot_list_2_cmd_2_mm
00e26f98 D _u_boot_list_2_cmd_2_mmc
00e26fb4 D _u_boot_list_2_cmd_2_mmcinfo
00e26fd0 D _u_boot_list_2_cmd_2_mw
00e26fec D _u_boot_list_2_cmd_2_nfs
00e27008 D _u_boot_list_2_cmd_2_nm
00e27024 D _u_boot_list_2_cmd_2_printenv
00e27040 D _u_boot_list_2_cmd_2_question_mark
00e2705c D _u_boot_list_2_cmd_2_reset
00e27078 D _u_boot_list_2_cmd_2_run
00e27094 D _u_boot_list_2_cmd_2_saveenv
00e270b0 D _u_boot_list_2_cmd_2_setenv
00e270cc D _u_boot_list_2_cmd_2_showvar
00e270e8 D _u_boot_list_2_cmd_2_sleep
00e27104 D _u_boot_list_2_cmd_2_source
00e27120 D _u_boot_list_2_cmd_2_test
00e2713c D _u_boot_list_2_cmd_2_tftpboot
00e27158 D _u_boot_list_2_cmd_2_timer
00e27174 D _u_boot_list_2_cmd_2_true
00e27190 D _u_boot_list_2_cmd_2_version
00e271ac D _u_boot_list_2_env_clbk_2_baudrate
00e271ac d end.6714
00e271ac d end.6787
00e271ac d end.6818
00e271ac d start.7078
00e271ac d start.7085
00e271b4 D _u_boot_list_2_env_clbk_2_bootfile
00e271bc D _u_boot_list_2_env_clbk_2_callbacks
00e271c4 D _u_boot_list_2_env_clbk_2_console
00e271cc D _u_boot_list_2_env_clbk_2_ethaddr
00e271d4 D _u_boot_list_2_env_clbk_2_flags
00e271dc D _u_boot_list_2_env_clbk_2_gatewayip
00e271e4 D _u_boot_list_2_env_clbk_2_ipaddr
00e271ec D _u_boot_list_2_env_clbk_2_loadaddr
00e271f4 D _u_boot_list_2_env_clbk_2_netmask
00e271fc D _u_boot_list_2_env_clbk_2_nvlan
00e27204 D _u_boot_list_2_env_clbk_2_serverip
00e2720c D _u_boot_list_2_env_clbk_2_vlan
00e27214 D _u_boot_list_2_part_driver_2_dos
00e27214 d end.7081
00e27214 d start.6796
00e27214 d start.6800
00e27214 d start.6863
00e27214 d start.6867
00e27214 d start.6943
00e27214 d start.6947
00e2722c B __bss_base
00e2722c B __bss_start
00e2722c D __image_copy_end
00e2722c D __rel_dyn_start
00e2722c b params
00e2722c d end.6803
00e2722c d end.6870
00e2722c d end.6950
00e27230 b send_parms
00e27244 b os_data_init
00e27248 b os_data_addr_saved
00e2724c b his_pad_char
00e2724d b a_b
00e27268 b os_data_char
00e2726c b os_data_state
00e27270 b k_data_escape
00e27274 b os_data_state_saved
00e27278 b os_data_addr
00e2727c b send_ptr
00e27280 b bin_start_address
00e27284 b his_quote
00e27288 b his_pad_count
00e2728c b his_eol
00e27290 b k_data_escape_saved
00e27294 b dp_last_addr
00e27298 b base_address
00e2729c b mm_last_size
00e272a0 b mm_last_addr
00e272a4 b dp_last_size
00e272a8 b start.6748
00e272ac b flag_repeat
00e272b0 b ifs
00e272b4 b the_command.7044
00e273b8 b last_return_code
00e273bc b map
00e274bc b do_repeat
00e274c0 b buf.7244
00e274e8 b top_vars
00e274ec b stored_bootdelay
00e274f0 B monitor_flash_len
00e274f4 B images
00e27624 b callback_list
00e27628 b flags_list
00e2762c b ctrlc_was_pressed
00e27630 b ctrlc_disabled
00e27634 b max_total_mem
00e27638 B mem_malloc_brk
00e2763c b max_sbrked_mem
00e27640 b current_mallinfo
00e27668 B mem_malloc_end
00e2766c b top_pad
00e27670 B mem_malloc_start
00e27674 b devs
00e276c0 B stdio_devices
00e276cc b hist_list
00e2771c b hist_lines
00e28b30 b hist_max
00e28b34 b initted.6912
00e28b38 b hist_add_idx
00e28b3c b hist_num
00e28b40 B console_buffer
00e28c41 b tmp_buf
00e28d41 b tmp_buf.6801
00e28f44 b xyz
00e29378 b mmc_devices
00e29380 b initialized.9156
00e29384 b serial_devices
00e29388 b serial_current
00e2938c b fs_partition
00e293dc b fs_type
00e293e0 b fs_dev_desc
00e29400 B do_fat_read_at_block
00e2c534 R __rel_dyn_end
00e2c534 R _end
00e2c534 r _image_binary_end
00e39400 B get_dentfromdir_block
00e49400 b cur_part_info
00e49460 B get_contents_vfatname_block
00e59460 b cur_dev
00e59464 B errno
00e59468 b arp_tx_packet_buf
00e59a88 B arp_wait_packet_ethaddr
00e59a8c b arp_tx_packet
00e59a90 B arp_wait_tx_packet_size
00e59a94 B arp_wait_try
00e59a98 b net_arp_wait_reply_ip
00e59a9c B net_arp_wait_packet_ip
00e59aa0 B arp_wait_timer_start
00e59aa4 B net_hostname
00e59ac4 B bootp_timeout
00e59ac8 b time_taken_max
00e59acc B net_root_path
00e59b0c B bootp_ids
00e59b1c B bootp_num_ids
00e59b20 B bootp_try
00e59b24 B bootp_start
00e59b28 B net_nis_domain
00e59b48 B eth_current
00e59b4c b eth_devices
00e59b50 b env_changed_id.8931
00e59b54 b act.8930
00e59b58 b first_failed.8925
00e59b5c B net_ethaddr
00e59b64 B net_dns_server
00e59b68 B net_state
00e59b6c B net_server_ip
00e59b70 B net_rx_packet
00e59b74 B net_boot_file_expected_size_in_blocks
00e59b78 B net_rx_packets
00e59b88 b time_start
00e59b8c b time_start
00e59b90 B net_gateway
00e59b94 B net_boot_file_name
00e59f94 b udp_packet_handler
00e59f98 b net_dev_exists
00e59f9c B net_server_ethaddr
00e59fa2 B net_null_ethaddr
00e59fa8 b net_ip_id
00e59fac B net_restart_wrap
00e59fb0 b net_try_count
00e59fb4 b net_restarted
00e59fb8 b time_delta
00e59fbc b arp_packet_handler
00e59fc0 B net_netmask
00e59fc4 b net_pkt_buf
00e5bde4 B net_ip
00e5bde8 B net_tx_packet
00e5bdec b time_handler
00e5bdf0 B net_boot_file_size
00e5bdf4 b nfs_server_mount_port
00e5bdf8 b nfs_server_ip
00e5bdfc b nfs_filename
00e5be00 b nfs_state
00e5be04 b filefh3_length
00e5be08 b dirfh
00e5be28 b rpc_id
00e5be2c b fs_mounted
00e5be30 b nfs_len
00e5be34 b nfs_server_port
00e5be38 b nfs_download_state
00e5be3c b nfs_path
00e5be40 b nfs_path_buff
00e5c640 b nfs_timeout_count
00e5c644 b filefh
00e5c684 b nfs_our_port
00e5c688 b tftp_prev_block
00e5c68c b timeout_count
00e5c690 b tftp_block_wrap
00e5c694 b default_filename
00e5c6a4 b tftp_remote_port
00e5c6a8 b tftp_cur_block
00e5c6ac b tftp_remote_ip
00e5c6b0 b tftp_state
00e5c6b4 b tftp_our_port
00e5c6b8 b tftp_filename
00e5c738 b tftp_block_wrap_offset
00e5c73c B __bss_end
00e5c73c B __bss_limit
