Archive member included because of file (symbol)

arch/arm/lib/lib.a(ashldi3.o)
                              drivers/mmc/built-in.o (__aeabi_llsl)
arch/arm/lib/lib.a(lib1funcs.o)
                              arch/arm/cpu/arm926ejs/built-in.o (__aeabi_uidiv)
arch/arm/lib/lib.a(lshrdi3.o)
                              lib/built-in.o (__aeabi_llsr)
arch/arm/lib/lib.a(div0.o)    arch/arm/lib/lib.a(lib1funcs.o) (__div0)

Discarded input sections

 .data          0x00000000        0x0 arch/arm/cpu/arm926ejs/start.o
 .bss           0x00000000        0x0 arch/arm/cpu/arm926ejs/start.o
 .text          0x00000000        0x0 arch/arm/cpu/arm926ejs/built-in.o
 .text.invalidate_dcache_all
                0x00000000        0x4 arch/arm/cpu/arm926ejs/built-in.o
 .text.flush_dcache_all
                0x00000000        0x4 arch/arm/cpu/arm926ejs/built-in.o
 .data          0x00000000        0x0 arch/arm/cpu/arm926ejs/built-in.o
 .bss           0x00000000        0x0 arch/arm/cpu/arm926ejs/built-in.o
 .text.armv7_boot_nonsec_default
                0x00000000        0x8 arch/arm/lib/built-in.o
 .text.enable_caches
                0x00000000        0xc arch/arm/lib/built-in.o
 .text.invalidate_dcache_range
                0x00000000        0x4 arch/arm/lib/built-in.o
 .text.flush_dcache_all
                0x00000000        0xc arch/arm/lib/built-in.o
 .text.check_cache_range
                0x00000000       0x3c arch/arm/lib/built-in.o
 .text.icache_enable
                0x00000000        0x4 arch/arm/lib/built-in.o
 .text.icache_status
                0x00000000        0x8 arch/arm/lib/built-in.o
 .text.fdt_psci
                0x00000000        0x8 arch/arm/lib/built-in.o
 .data          0x00000000        0x0 arch/arm/lib/built-in.o
 .__secure_end  0x00000000        0x0 arch/arm/lib/built-in.o
 .__efi_runtime_rel_start
                0x00000000        0x0 arch/arm/lib/built-in.o
 .__secure_stack_start
                0x00000000        0x0 arch/arm/lib/built-in.o
 .__secure_stack_end
                0x00000000        0x0 arch/arm/lib/built-in.o
 .__efi_runtime_stop
                0x00000000        0x0 arch/arm/lib/built-in.o
 .__efi_runtime_rel_stop
                0x00000000        0x0 arch/arm/lib/built-in.o
 .__efi_runtime_start
                0x00000000        0x0 arch/arm/lib/built-in.o
 .__secure_start
                0x00000000        0x0 arch/arm/lib/built-in.o
 .bss           0x00000000        0x0 arch/arm/lib/built-in.o
 .text          0x00000000        0x0 board/nuvoton/nuc970/built-in.o
 .data          0x00000000        0x0 board/nuvoton/nuc970/built-in.o
 .bss           0x00000000        0x0 board/nuvoton/nuc970/built-in.o
 .text          0x00000000        0x0 cmd/built-in.o
 .text.setenv_ulong
                0x00000000       0x20 cmd/built-in.o
 .text.getenv_hex
                0x00000000       0x3c cmd/built-in.o
 .data          0x00000000        0x0 cmd/built-in.o
 .bss           0x00000000        0x0 cmd/built-in.o
 .text          0x00000000        0x0 common/built-in.o
 .text.hash_finish_crc32
                0x00000000       0x30 common/built-in.o
 .text.hash_update_crc32
                0x00000000       0x24 common/built-in.o
 .text.hash_init_crc32
                0x00000000       0x24 common/built-in.o
 .text.hash_lookup_algo
                0x00000000       0x28 common/built-in.o
 .text.hash_progressive_lookup_algo
                0x00000000       0x3c common/built-in.o
 .text.hash_parse_string
                0x00000000       0x68 common/built-in.o
 .text.hash_block
                0x00000000       0x70 common/built-in.o
 .text.unset_local_var
                0x00000000       0x9c common/built-in.o
 .text.arch_cpu_init
                0x00000000        0x8 common/built-in.o
 .text.red_led_off
                0x00000000        0x4 common/built-in.o
 .text.green_led_on
                0x00000000        0x4 common/built-in.o
 .text.green_led_off
                0x00000000        0x4 common/built-in.o
 .text.yellow_led_on
                0x00000000        0x4 common/built-in.o
 .text.yellow_led_off
                0x00000000        0x4 common/built-in.o
 .text.blue_led_on
                0x00000000        0x4 common/built-in.o
 .text.blue_led_off
                0x00000000        0x4 common/built-in.o
 .text.dram_init_banksize
                0x00000000       0x20 common/built-in.o
 .text.arch_reserve_stacks
                0x00000000        0x8 common/built-in.o
 .text.board_flash_wp_on
                0x00000000        0x8 common/built-in.o
 .text.fixup_cpu
                0x00000000        0x8 common/built-in.o
 .text.checkboard
                0x00000000        0x8 common/built-in.o
 .text.bootm_disable_interrupts
                0x00000000        0x4 common/built-in.o
 .text.env_flags_parse_varaccess_from_binflags
                0x00000000       0x54 common/built-in.o
 .text.splash_screen_prepare
                0x00000000        0x8 common/built-in.o
 .text.serial_printf
[...]
Memory Configuration

Name             Origin             Length             Attributes
*default*        0x00000000         0xffffffff

Linker script and memory map

Address of section .text set to 0xe00000
                0x00000000                . = 0x0
                0x00000000                . = ALIGN (0x4)

.text           0x00e00000    0x1eca8
 *(.__image_copy_start)
 .__image_copy_start
                0x00e00000        0x0 arch/arm/lib/built-in.o
                0x00e00000                __image_copy_start
 *(.vectors)
 .vectors       0x00e00000      0x300 arch/arm/lib/built-in.o
                0x00e00000                _start
                0x00e00020                _undefined_instruction
                0x00e00024                _software_interrupt
                0x00e00028                _prefetch_abort
                0x00e0002c                _data_abort
                0x00e00030                _not_used
                0x00e00034                _irq
                0x00e00038                _fiq
                0x00e00040                IRQ_STACK_START_IN
 arch/arm/cpu/arm926ejs/start.o(.text*)
 .text          0x00e00300       0x58 arch/arm/cpu/arm926ejs/start.o
                0x00e00300                reset
                0x00e00318                c_runtime_cpu_setup
 *(.text*)
 .text.cleanup_before_linux
                0x00e00358       0x1c arch/arm/cpu/arm926ejs/built-in.o
                0x00e00358                cleanup_before_linux
 .text.l2_cache_disable
                0x00e00374        0x4 arch/arm/cpu/arm926ejs/built-in.o
                0x00e00374                l2_cache_disable
 .text.print_cpuinfo
                0x00e00378       0xc8 arch/arm/cpu/arm926ejs/built-in.o
                0x00e00378                print_cpuinfo
 .text.arch_cpu_init
                0x00e00440        0x8 arch/arm/cpu/arm926ejs/built-in.o
                0x00e00440                arch_cpu_init
 .text.timer_init
                0x00e00448       0x48 arch/arm/cpu/arm926ejs/built-in.o
                0x00e00448                timer_init
 .text.get_ticks
                0x00e00490       0x84 arch/arm/cpu/arm926ejs/built-in.o
                0x00e00490                get_ticks
 .text.__udelay
                0x00e00514       0x80 arch/arm/cpu/arm926ejs/built-in.o
                0x00e00514                __udelay
 .text.get_timer
                0x00e00594       0x60 arch/arm/cpu/arm926ejs/built-in.o
                0x00e00594                get_timer
 .text.get_tbclk
                0x00e005f4        0x8 arch/arm/cpu/arm926ejs/built-in.o
                0x00e005f4                get_tbclk
 .text.reset_cpu
                0x00e005fc       0x38 arch/arm/cpu/arm926ejs/built-in.o
                0x00e005fc                reset_cpu
 .text.relocate_vectors
                0x00e00634        0x4 arch/arm/cpu/arm926ejs/built-in.o
                0x00e00634                relocate_vectors
 .text          0x00e00638       0x90 arch/arm/lib/built-in.o
                0x00e00638                _main
 .text.relocate_vectors
                0x00e006c8       0x90 arch/arm/lib/built-in.o
                0x00e006f0                relocate_code
 .text.boot_jump_linux.isra.5
                0x00e00758       0xb0 arch/arm/lib/built-in.o
 .text.arch_lmb_reserve
                0x00e00808       0x24 arch/arm/lib/built-in.o
                0x00e00808                arch_lmb_reserve
 .text.setup_board_tags
                0x00e0082c        0x4 arch/arm/lib/built-in.o
                0x00e0082c                setup_board_tags
 .text.boot_prep_linux
                0x00e00830      0x1b4 arch/arm/lib/built-in.o
 .text.do_bootm_linux
                0x00e009e4       0x68 arch/arm/lib/built-in.o
                0x00e009e4                do_bootm_linux
 .text.boot_prep_vxworks
                0x00e00a4c        0x4 arch/arm/lib/built-in.o
                0x00e00a4c                boot_prep_vxworks
 .text.boot_jump_vxworks
                0x00e00a50       0x14 arch/arm/lib/built-in.o
                0x00e00a50                boot_jump_vxworks
 .text.arch_reserve_stacks
                0x00e00a64       0x1c arch/arm/lib/built-in.o
                0x00e00a64                arch_reserve_stacks
 .text.interrupt_init
                0x00e00a80       0x1c arch/arm/lib/built-in.o
                0x00e00a80                interrupt_init
 .text.enable_interrupts
                0x00e00a9c        0x4 arch/arm/lib/built-in.o
                0x00e00a9c                enable_interrupts
 .text.disable_interrupts
                0x00e00aa0        0x8 arch/arm/lib/built-in.o
                0x00e00aa0                disable_interrupts
 .text.bad_mode
                0x00e00aa8       0x10 arch/arm/lib/built-in.o
                0x00e00aa8                bad_mode
 .text.show_regs
                0x00e00ab8      0x174 arch/arm/lib/built-in.o
                0x00e00ab8                show_regs
 .text.do_undefined_instruction
                0x00e00c2c       0x20 arch/arm/lib/built-in.o
                0x00e00c2c                do_undefined_instruction
 .text.do_software_interrupt
                0x00e00c4c       0x20 arch/arm/lib/built-in.o
                0x00e00c4c                do_software_interrupt
 .text.do_prefetch_abort
                0x00e00c6c       0x20 arch/arm/lib/built-in.o
                0x00e00c6c                do_prefetch_abort
 .text.do_data_abort
                0x00e00c8c       0x20 arch/arm/lib/built-in.o
                0x00e00c8c                do_data_abort
 .text.do_not_used
                0x00e00cac       0x20 arch/arm/lib/built-in.o
                0x00e00cac                do_not_used
 .text.do_fiq   0x00e00ccc       0x20 arch/arm/lib/built-in.o
                0x00e00ccc                do_fiq
 .text.do_irq   0x00e00cec       0x20 arch/arm/lib/built-in.o
                0x00e00cec                do_irq
 .text.reset_misc
                0x00e00d0c        0x4 arch/arm/lib/built-in.o
                0x00e00d0c                reset_misc
 .text.do_reset
                0x00e00d10       0x34 arch/arm/lib/built-in.o
                0x00e00d10                do_reset
 .text.flush_dcache_range
                0x00e00d44        0x4 arch/arm/lib/built-in.o
                0x00e00d44                flush_dcache_range
 .text.flush_cache
                0x00e00d48        0x8 arch/arm/lib/built-in.o
                0x00e00d48                flush_cache
 .text.icache_disable
                0x00e00d50        0x4 arch/arm/lib/built-in.o
                0x00e00d50                icache_disable
 .text.dcache_enable
                0x00e00d54        0x4 arch/arm/lib/built-in.o
                0x00e00d54                dcache_enable
 .text.dcache_disable
                0x00e00d58        0x4 arch/arm/lib/built-in.o
                0x00e00d58                dcache_disable
 .text.dcache_status
                0x00e00d5c        0x8 arch/arm/lib/built-in.o
                0x00e00d5c                dcache_status
 .text.dram_init_banksize
                0x00e00d64       0xac board/nuvoton/nuc970/built-in.o
                0x00e00d64                dram_init_banksize
 .text.dram_init
                0x00e00e10       0x54 board/nuvoton/nuc970/built-in.o
                0x00e00e10                dram_init
 .text.board_early_init_f
                0x00e00e64       0x24 board/nuvoton/nuc970/built-in.o
                0x00e00e64                board_early_init_f
 .text.board_mmc_init
                0x00e00e88      0x118 board/nuvoton/nuc970/built-in.o
                0x00e00e88                board_mmc_init
 .text.enable_caches
                0x00e00fa0        0x4 board/nuvoton/nuc970/built-in.o
                0x00e00fa0                enable_caches
 .text.board_init
                0x00e00fa4       0x14 board/nuvoton/nuc970/built-in.o
                0x00e00fa4                board_init
 .text.board_late_init
                0x00e00fb8        0x8 board/nuvoton/nuc970/built-in.o
                0x00e00fb8                board_late_init
 .text.checkboard
                0x00e00fc0       0x18 board/nuvoton/nuc970/built-in.o
                0x00e00fc0                checkboard
 .text.lowlevel_init
                0x00e00fd8        0x4 board/nuvoton/nuc970/built-in.o
                0x00e00fd8                lowlevel_init
 .text.do_go_exec
                0x00e00fdc       0x18 cmd/built-in.o
                0x00e00fdc                do_go_exec
 .text.do_go    0x00e00ff4       0x70 cmd/built-in.o
 .text.do_bootm
                0x00e01064      0x10c cmd/built-in.o
                0x00e01064                do_bootm
 .text.do_bootd
                0x00e01170       0x20 cmd/built-in.o
                0x00e01170                do_bootd
 .text.image_info
                0x00e01190       0xe4 cmd/built-in.o
 .text.do_iminfo
                0x00e01274       0x60 cmd/built-in.o
 .text.bootm_maybe_autostart
                0x00e012d4       0x78 cmd/built-in.o
                0x00e012d4                bootm_maybe_autostart
 .text.do_help  0x00e0134c       0x48 cmd/built-in.o
 .text.do_version
                0x00e01394       0x38 cmd/built-in.o
 .text.source   0x00e013cc      0x100 cmd/built-in.o
                0x00e013cc                source
 .text.do_source
                0x00e014cc       0x44 cmd/built-in.o
 .text.print_num
                0x00e01510       0x18 cmd/built-in.o
 .text.do_bdinfo
                0x00e01528      0x18c cmd/built-in.o
 .text.do_coninfo
                0x00e016b4       0xb0 cmd/built-in.o
 .text.do_echo  0x00e01764       0xb0 cmd/built-in.o
 .text.load_elf_image_shdr
                0x00e01814       0x8c cmd/built-in.o
 .text.valid_elf_image
                0x00e018a0       0x4c cmd/built-in.o
                0x00e018a0                valid_elf_image
 .text.do_bootelf
                0x00e018ec      0x1b4 cmd/built-in.o
                0x00e018ec                do_bootelf
 .text.do_bootvx
                0x00e01aa0      0x35c cmd/built-in.o
                0x00e01aa0                do_bootvx
 .text.do_exit  0x00e01dfc       0x30 cmd/built-in.o
 .text.do_fat_size
                0x00e01e2c       0x18 cmd/built-in.o
                0x00e01e2c                do_fat_size
 .text.do_fat_fsload
                0x00e01e44       0x18 cmd/built-in.o
                0x00e01e44                do_fat_fsload
 .text.do_fat_ls
                0x00e01e5c       0x18 cmd/built-in.o
 .text.do_fat_fsinfo
                0x00e01e74       0x90 cmd/built-in.o
 .text.evalexp  0x00e01f04       0x78 cmd/built-in.o
 .text.evalstr  0x00e01f7c       0x6c cmd/built-in.o
 .text.binary_test
                0x00e01fe8      0x1b4 cmd/built-in.o
 .text.do_itest
                0x00e0219c       0x98 cmd/built-in.o
 .text.bin_data_init
                0x00e02234       0x2c cmd/built-in.o
 .text.k_data_save
                0x00e02260       0x4c cmd/built-in.o
 .text.k_data_restore
                0x00e022ac       0x4c cmd/built-in.o
 .text.getcxmodem
                0x00e022f8       0x20 cmd/built-in.o
 .text.load_serial_ymodem
                0x00e02318       0xd0 cmd/built-in.o
 .text.bin_data_char
                0x00e023e8       0x2c cmd/built-in.o
 .text.chk1.constprop.1
                0x00e02414       0x2c cmd/built-in.o
 .text.s1_sendpacket.constprop.2
                0x00e02440       0x50 cmd/built-in.o
 .text.load_serial
                0x00e02490      0x1fc cmd/built-in.o
 .text.do_load_serial
                0x00e0268c       0xdc cmd/built-in.o
 .text.do_load_serial_bin
                0x00e02768      0x7a0 cmd/built-in.o
 .text.do_mem_mw
                0x00e02f08       0xc0 cmd/built-in.o
 .text.do_mem_loop
                0x00e02fc8      0x104 cmd/built-in.o
 .text.do_mem_md
                0x00e030cc       0xe8 cmd/built-in.o
 .text.do_mem_cmp
                0x00e031b4      0x168 cmd/built-in.o
 .text.do_mem_base
                0x00e0331c       0x40 cmd/built-in.o
 .text.do_mem_cp
                0x00e0335c       0xd8 cmd/built-in.o
 .text.do_mem_crc
                0x00e03434       0x4c cmd/built-in.o
 .text.mod_mem.isra.2
                0x00e03480      0x168 cmd/built-in.o
 .text.do_mem_mm
                0x00e035e8        0x8 cmd/built-in.o
 .text.do_mem_nm
                0x00e035f0        0x8 cmd/built-in.o
 .text.do_sleep
                0x00e035f8       0xd4 cmd/built-in.o
 .text.do_timer
                0x00e036cc       0xac cmd/built-in.o
 .text.do_mmcops
                0x00e03778       0xb4 cmd/built-in.o
 .text.init_mmc_device
                0x00e0382c       0x54 cmd/built-in.o
 .text.do_mmc_rescan
                0x00e03880       0x24 cmd/built-in.o
 .text.do_mmc_hwpartition
                0x00e038a4      0x504 cmd/built-in.o
 .text.do_mmc_list
                0x00e03da8       0x14 cmd/built-in.o
 .text.do_mmc_dev
                0x00e03dbc      0x140 cmd/built-in.o
 .text.do_mmc_part
                0x00e03efc       0x60 cmd/built-in.o
 .text.do_mmc_erase
                0x00e03f5c       0xec cmd/built-in.o
 .text.do_mmc_write
                0x00e04048      0x104 cmd/built-in.o
 .text.do_mmc_read
                0x00e0414c       0xf0 cmd/built-in.o
 .text.do_mmcinfo
                0x00e0423c      0x38c cmd/built-in.o
 .text.do_mmc_setdsr
                0x00e045c8       0xb4 cmd/built-in.o
 .text.netboot_common
                0x00e0467c      0x290 cmd/built-in.o
 .text.do_bootp
                0x00e0490c        0xc cmd/built-in.o
 .text.do_nfs   0x00e04918        0xc cmd/built-in.o
 .text.do_tftpb
                0x00e04924       0x40 cmd/built-in.o
                0x00e04924                do_tftpb
 .text.do_false
                0x00e04964        0x8 cmd/built-in.o
 .text.do_true  0x00e0496c        0x8 cmd/built-in.o
 .text.do_test  0x00e04974      0x350 cmd/built-in.o
 .text.do_imgextract
                0x00e04cc4      0x2a8 cmd/built-in.o
 .text.do_env_delete
                0x00e04f6c       0xa4 cmd/built-in.o
 .text.do_env_exists
                0x00e05010       0x64 cmd/built-in.o
 .text.do_env_save
                0x00e05074       0x2c cmd/built-in.o
 .text.do_env   0x00e050a0       0x5c cmd/built-in.o
 .text.env_print
                0x00e050fc       0xc0 cmd/built-in.o
 .text.do_env_print
                0x00e051bc       0xc8 cmd/built-in.o
 .text.do_env_import
                0x00e05284      0x284 cmd/built-in.o
 .text.do_env_default
                0x00e05508       0xb8 cmd/built-in.o
 .text._do_env_set.isra.1
                0x00e055c0      0x1c4 cmd/built-in.o
 .text.do_env_set
                0x00e05784       0x20 cmd/built-in.o
 .text.get_env_id
                0x00e057a4       0x10 cmd/built-in.o
                0x00e057a4                get_env_id
 .text.setenv   0x00e057b4       0x5c cmd/built-in.o
                0x00e057b4                setenv
 .text.setenv_hex
                0x00e05810       0x34 cmd/built-in.o
                0x00e05810                setenv_hex
 .text.do_env_export
                0x00e05844      0x27c cmd/built-in.o
 .text.envmatch
                0x00e05ac0       0x70 cmd/built-in.o
                0x00e05ac0                envmatch
 .text.getenv_f
                0x00e05b30       0xc8 cmd/built-in.o
                0x00e05b30                getenv_f
 .text.getenv   0x00e05bf8       0x78 cmd/built-in.o
                0x00e05bf8                getenv
 .text.getenv_ulong
                0x00e05c70       0x30 cmd/built-in.o
                0x00e05c70                getenv_ulong
 .text.do_env_edit.part.3
                0x00e05ca0       0x9c cmd/built-in.o
 .text.do_env_edit
                0x00e05d3c       0x2c cmd/built-in.o
 .text.board_init_f_alloc_reserve
                0x00e05d68        0xc common/built-in.o
                0x00e05d68                board_init_f_alloc_reserve
 .text.board_init_f_init_reserve
                0x00e05d74        0xc common/built-in.o
                0x00e05d74                board_init_f_init_reserve
 .text.show_boot_progress
                0x00e05d80        0x8 common/built-in.o
                0x00e05d80                show_boot_progress
 .text.main_loop
                0x00e05d88       0x28 common/built-in.o
                0x00e05d88                main_loop
 .text.dummy    0x00e05db0        0x4 common/built-in.o
 .text.get_version
                0x00e05db4        0x8 common/built-in.o
                0x00e05db4                get_version
 .text.jumptable_init
                0x00e05dbc      0x1e0 common/built-in.o
                0x00e05dbc                jumptable_init
 .text.hash_command
                0x00e05f9c       0xb0 common/built-in.o
                0x00e05f9c                hash_command
 .text.b_reset  0x00e0604c       0x1c common/built-in.o
 .text.static_get
                0x00e06068       0x1c common/built-in.o
 .text.static_peek
                0x00e06084        0xc common/built-in.o
 .text.file_peek
                0x00e06090        0xc common/built-in.o
 .text.mapset   0x00e0609c       0x20 common/built-in.o
 .text.syntax_err
                0x00e060bc        0xc common/built-in.o
 .text.free_pipe_list
                0x00e060c8       0xf0 common/built-in.o
 .text.xmalloc  0x00e061b8       0x20 common/built-in.o
 .text.new_pipe
                0x00e061d8       0x28 common/built-in.o
 .text.xrealloc
                0x00e06200       0x20 common/built-in.o
 .text.done_command
                0x00e06220       0x8c common/built-in.o
 .text.done_pipe
                0x00e062ac       0x48 common/built-in.o
 .text.done_word
                0x00e062f4      0x2e4 common/built-in.o
 .text.do_showvar
                0x00e065d8       0xf0 common/built-in.o
 .text.is_assignment
                0x00e066c8       0x54 common/built-in.o
 .text.file_get
                0x00e0671c      0x1e4 common/built-in.o
 .text.b_addchr
                0x00e06900       0x78 common/built-in.o
 .text.b_addqchr
                0x00e06978       0x50 common/built-in.o
 .text.get_local_var
                0x00e069c8       0x94 common/built-in.o
                0x00e069c8                get_local_var
 .text.set_local_var
                0x00e06a5c      0x1b8 common/built-in.o
                0x00e06a5c                set_local_var
 .text.insert_var_value_sub
                0x00e06c14      0x2a8 common/built-in.o
 .text.parse_string_outer
                0x00e06ebc       0xe8 common/built-in.o
                0x00e06ebc                parse_string_outer
 .text.run_list_real
                0x00e06fa4      0x7ec common/built-in.o
 .text.parse_stream_outer
                0x00e07790      0x6cc common/built-in.o
 .text.parse_file_outer
                0x00e07e5c       0x44 common/built-in.o
                0x00e07e5c                parse_file_outer
 .text.u_boot_hush_start
                0x00e07ea0       0x54 common/built-in.o
                0x00e07ea0                u_boot_hush_start
 .text.bootdelay_process
                0x00e07ef4       0x50 common/built-in.o
                0x00e07ef4                bootdelay_process
 .text.autoboot_command
                0x00e07f44      0x104 common/built-in.o
                0x00e07f44                autoboot_command
 .text.display_text_info
                0x00e08048        0x8 common/built-in.o
 .text.setup_mon_len
                0x00e08050       0x20 common/built-in.o
 .text.mach_cpu_init
                0x00e08070        0x8 common/built-in.o
                0x00e08070                mach_cpu_init
 .text.reserve_round_4k
                0x00e08078       0x18 common/built-in.o
 .text.reserve_trace
                0x00e08090        0x8 common/built-in.o
 .text.reserve_uboot
                0x00e08098       0x30 common/built-in.o
 .text.reserve_malloc
                0x00e080c8       0x14 common/built-in.o
 .text.setup_machine
                0x00e080dc        0x8 common/built-in.o
 .text.reserve_global_data
                0x00e080e4       0x1c common/built-in.o
 .text.reserve_fdt
                0x00e08100       0x60 common/built-in.o
 .text.display_new_sp
                0x00e08160        0x8 common/built-in.o
 .text.initf_console_record
                0x00e08168        0x8 common/built-in.o
 .text.initf_dm
                0x00e08170        0x8 common/built-in.o
 .text.reserve_arch
                0x00e08178        0x8 common/built-in.o
                0x00e08178                reserve_arch
 .text.arch_cpu_init_dm
                0x00e08180        0x8 common/built-in.o
                0x00e08180                arch_cpu_init_dm
 .text.announce_dram_init
                0x00e08188       0x18 common/built-in.o
 .text.init_baud_rate
                0x00e081a0       0x2c common/built-in.o
 .text.mark_bootstage
                0x00e081cc       0x14 common/built-in.o
 .text.setup_reloc
                0x00e081e0       0x34 common/built-in.o
 .text.reloc_fdt
                0x00e08214       0x3c common/built-in.o
 .text.reserve_board
                0x00e08250       0x38 common/built-in.o
 .text.coloured_LED_init
                0x00e08288        0x4 common/built-in.o
                0x00e08288                coloured_LED_init
 .text.red_led_on
                0x00e0828c        0x4 common/built-in.o
                0x00e0828c                red_led_on
 .text.board_add_ram_info
                0x00e08290        0x4 common/built-in.o
                0x00e08290                board_add_ram_info
 .text.show_dram_config
                0x00e08294       0x4c common/built-in.o
 .text.setup_dram_config
                0x00e082e0       0x10 common/built-in.o
 .text.board_get_usable_ram_top
                0x00e082f0        0xc common/built-in.o
                0x00e082f0                board_get_usable_ram_top
 .text.board_reserve_ram_top
                0x00e082fc        0x4 common/built-in.o
                0x00e082fc                board_reserve_ram_top
 .text.setup_dest_addr
                0x00e08300       0x50 common/built-in.o
 .text.reserve_stacks
                0x00e08350       0x1c common/built-in.o
 .text.board_init_f
                0x00e0836c       0x28 common/built-in.o
                0x00e0836c                board_init_f
 .text.bootstage_relocate
                0x00e08394        0x8 common/built-in.o
 .text.initr_trace
                0x00e0839c        0x8 common/built-in.o
 .text.initr_reloc
                0x00e083a4       0x18 common/built-in.o
 .text.initr_reloc_global_data
                0x00e083bc       0x28 common/built-in.o
 .text.initr_barrier
                0x00e083e4        0x8 common/built-in.o
 .text.initr_console_record
                0x00e083ec        0x8 common/built-in.o
 .text.power_init_board
                0x00e083f4        0x8 common/built-in.o
                0x00e083f4                power_init_board
 .text.initr_announce
                0x00e083fc        0x8 common/built-in.o
 .text.run_main_loop
                0x00e08404        0xc common/built-in.o
 .text.initr_net
                0x00e08410       0x1c common/built-in.o
 .text.initr_ethaddr
                0x00e0842c       0x20 common/built-in.o
 .text.initr_enable_interrupts
                0x00e0844c       0x10 common/built-in.o
 .text.initr_jumptable
                0x00e0845c       0x10 common/built-in.o
 .text.initr_env
                0x00e0846c       0x30 common/built-in.o
 .text.initr_mmc
                0x00e0849c       0x20 common/built-in.o
 .text.initr_serial
                0x00e084bc       0x10 common/built-in.o
 .text.initr_bootstage
                0x00e084cc       0x14 common/built-in.o
 .text.initr_malloc
                0x00e084e0       0x1c common/built-in.o
 .text.initr_caches
                0x00e084fc       0x10 common/built-in.o
 .text.cpu_secondary_init_r
                0x00e0850c        0x4 common/built-in.o
                0x00e0850c                cpu_secondary_init_r
 .text.initr_secondary_cpu
                0x00e08510       0x10 common/built-in.o
 .text.board_init_r
                0x00e08520       0x14 common/built-in.o
                0x00e08520                board_init_r
 .text.show_board_info
                0x00e08534        0x4 common/built-in.o
                0x00e08534                show_board_info
 .text.bootm_find_images
                0x00e08538       0x4c common/built-in.o
                0x00e08538                bootm_find_images
 .text.bootm_decomp_image
                0x00e08584      0x154 common/built-in.o
                0x00e08584                bootm_decomp_image
 .text.do_bootm_states
                0x00e086d8      0x768 common/built-in.o
                0x00e086d8                do_bootm_states
 .text.copy_args
                0x00e08e40       0x50 common/built-in.o
 .text.do_bootm_rtems
                0x00e08e90       0x40 common/built-in.o
 .text.do_bootm_plan9
                0x00e08ed0       0xa4 common/built-in.o
 .text.do_bootm_standalone
                0x00e08f74       0x64 common/built-in.o
 .text.do_bootm_qnxelf
                0x00e08fd8       0x58 common/built-in.o
 .text.do_bootm_netbsd
                0x00e09030       0xf8 common/built-in.o
 .text.do_bootvx_fdt
                0x00e09128       0x3c common/built-in.o
                0x00e09128                do_bootvx_fdt
 .text.do_bootm_vxworks
                0x00e09164       0x24 common/built-in.o
 .text.arch_preboot_os
                0x00e09188        0x4 common/built-in.o
                0x00e09188                arch_preboot_os
 .text.boot_selected_os
                0x00e0918c       0x5c common/built-in.o
                0x00e0918c                boot_selected_os
 .text.bootm_os_get_boot_func
                0x00e091e8       0x10 common/built-in.o
                0x00e091e8                bootm_os_get_boot_func
 .text.regex_callback
                0x00e091f8      0x134 common/built-in.o
 .text.env_attr_walk
                0x00e0932c      0x118 common/built-in.o
                0x00e0932c                env_attr_walk
 .text.env_attr_lookup
                0x00e09444       0x88 common/built-in.o
                0x00e09444                env_attr_lookup
 .text.clear_callback
                0x00e094cc       0x10 common/built-in.o
 .text.find_env_callback
                0x00e094dc       0x64 common/built-in.o
 .text.on_callbacks
                0x00e09540       0x50 common/built-in.o
 .text.set_callback
                0x00e09590       0x98 common/built-in.o
 .text.env_callback_init
                0x00e09628       0xc4 common/built-in.o
                0x00e09628                env_callback_init
 .text.skip_num
                0x00e096ec       0x74 common/built-in.o
 .text.clear_flags
                0x00e09760       0x10 common/built-in.o
 .text.on_flags
                0x00e09770       0x50 common/built-in.o
 .text.env_flags_parse_vartype
                0x00e097c0       0x50 common/built-in.o
                0x00e097c0                env_flags_parse_vartype
 .text.env_flags_parse_varaccess
                0x00e09810       0x58 common/built-in.o
                0x00e09810                env_flags_parse_varaccess
 .text.set_flags
                0x00e09868       0xb0 common/built-in.o
 .text.eth_validate_ethaddr_str
                0x00e09918       0x94 common/built-in.o
                0x00e09918                eth_validate_ethaddr_str
 .text.env_flags_init
                0x00e099ac       0xd8 common/built-in.o
                0x00e099ac                env_flags_init
 .text.env_flags_validate
                0x00e09a84      0x298 common/built-in.o
                0x00e09a84                env_flags_validate
 .text.mmc_get_env_addr
                0x00e09d1c       0x10 common/built-in.o
                0x00e09d1c                mmc_get_env_addr
 .text.mmc_get_env_dev
                0x00e09d2c        0x8 common/built-in.o
                0x00e09d2c                mmc_get_env_dev
 .text.env_init
                0x00e09d34       0x1c common/built-in.o
                0x00e09d34                env_init
 .text.saveenv  0x00e09d50      0x138 common/built-in.o
                0x00e09d50                saveenv
 .text.env_relocate_spec
                0x00e09e88       0xfc common/built-in.o
                0x00e09e88                env_relocate_spec
 .text.env_get_char_spec
                0x00e09f84        0xc common/built-in.o
                0x00e09f84                env_get_char_spec
 .text.env_get_addr
                0x00e09f90       0x20 common/built-in.o
                0x00e09f90                env_get_addr
 .text.env_get_char_memory
                0x00e09fb0       0x10 common/built-in.o
                0x00e09fb0                env_get_char_memory
 .text.env_get_char
                0x00e09fc0       0x30 common/built-in.o
                0x00e09fc0                env_get_char
 .text.getenv_yesno
                0x00e09ff0       0x48 common/built-in.o
                0x00e09ff0                getenv_yesno
 .text.getenv_default
                0x00e0a038       0x30 common/built-in.o
                0x00e0a038                getenv_default
 .text.set_default_env
                0x00e0a068       0xcc common/built-in.o
                0x00e0a068                set_default_env
 .text.set_default_vars
                0x00e0a134       0x3c common/built-in.o
                0x00e0a134                set_default_vars
 .text.env_import
                0x00e0a170       0xe4 common/built-in.o
                0x00e0a170                env_import
 .text.env_export
                0x00e0a254       0xa4 common/built-in.o
                0x00e0a254                env_export
 .text.env_relocate
                0x00e0a2f8       0x30 common/built-in.o
                0x00e0a2f8                env_relocate
 .text.env_complete
                0x00e0a328       0xdc common/built-in.o
                0x00e0a328                env_complete
 .text.console_setfile
                0x00e0a404       0xbc common/built-in.o
 .text.puts     0x00e0a4c0       0x40 common/built-in.o
                0x00e0a4c0                puts
 .text.fgetc    0x00e0a500       0x2c common/built-in.o
                0x00e0a500                fgetc
 .text.getc     0x00e0a52c       0x24 common/built-in.o
                0x00e0a52c                getc
 .text.ftstc    0x00e0a550       0x2c common/built-in.o
                0x00e0a550                ftstc
 .text.tstc     0x00e0a57c       0x24 common/built-in.o
                0x00e0a57c                tstc
 .text.fputc    0x00e0a5a0       0x24 common/built-in.o
                0x00e0a5a0                fputc
 .text.putc     0x00e0a5c4       0x28 common/built-in.o
                0x00e0a5c4                putc
 .text.ctrlc    0x00e0a5ec       0x58 common/built-in.o
                0x00e0a5ec                ctrlc
 .text.had_ctrlc
                0x00e0a644       0x10 common/built-in.o
                0x00e0a644                had_ctrlc
 .text.clear_ctrlc
                0x00e0a654       0x14 common/built-in.o
                0x00e0a654                clear_ctrlc
 .text.search_device
                0x00e0a668       0x28 common/built-in.o
                0x00e0a668                search_device
 .text.console_assign
                0x00e0a690       0x44 common/built-in.o
                0x00e0a690                console_assign
 .text.on_console
                0x00e0a6d4       0xb8 common/built-in.o
 .text.console_init_f
                0x00e0a78c       0x10 common/built-in.o
                0x00e0a78c                console_init_f
 .text.stdio_print_current_devices
                0x00e0a79c       0xb0 common/built-in.o
                0x00e0a79c                stdio_print_current_devices
 .text.console_init_r
                0x00e0a84c       0xd4 common/built-in.o
                0x00e0a84c                console_init_r
 .text.sbrk     0x00e0a920       0x70 common/built-in.o
                0x00e0a920                sbrk
 .text.mem_malloc_init
                0x00e0a990       0x34 common/built-in.o
                0x00e0a990                mem_malloc_init
 .text.malloc_trim
                0x00e0a9c4       0xcc common/built-in.o
                0x00e0a9c4                malloc_trim
 .text.free     0x00e0aa90      0x234 common/built-in.o
                0x00e0aa90                free
 .text.malloc   0x00e0acc4      0x5e0 common/built-in.o
                0x00e0acc4                malloc
 .text.calloc   0x00e0b2a4       0xdc common/built-in.o
                0x00e0b2a4                calloc
 .text.realloc  0x00e0b380      0x4b8 common/built-in.o
                0x00e0b380                realloc
 .text.memalign
                0x00e0b838      0x170 common/built-in.o
                0x00e0b838                memalign
 .text.initf_malloc
                0x00e0b9a8        0x8 common/built-in.o
                0x00e0b9a8                initf_malloc
 .text.on_loadaddr
                0x00e0b9b0       0x38 common/built-in.o
 .text.image_check_hcrc
                0x00e0b9e8       0x60 common/built-in.o
                0x00e0b9e8                image_check_hcrc
 .text.image_check_dcrc
                0x00e0ba48       0x60 common/built-in.o
                0x00e0ba48                image_check_dcrc
 .text.image_multi_count
                0x00e0baa8       0x1c common/built-in.o
                0x00e0baa8                image_multi_count
 .text.image_multi_getimg
                0x00e0bac4       0xa4 common/built-in.o
                0x00e0bac4                image_multi_getimg
 .text.getenv_bootm_low
                0x00e0bb68       0x28 common/built-in.o
                0x00e0bb68                getenv_bootm_low
 .text.getenv_bootm_size
                0x00e0bb90       0x68 common/built-in.o
                0x00e0bb90                getenv_bootm_size
 .text.getenv_bootm_mapsize
                0x00e0bbf8       0x30 common/built-in.o
                0x00e0bbf8                getenv_bootm_mapsize
 .text.memmove_wd
                0x00e0bc28        0xc common/built-in.o
                0x00e0bc28                memmove_wd
 .text.genimg_print_size
                0x00e0bc34       0x30 common/built-in.o
                0x00e0bc34                genimg_print_size
 .text.get_table_entry
                0x00e0bc64       0x24 common/built-in.o
                0x00e0bc64                get_table_entry
 .text.get_table_entry_name
                0x00e0bc88       0x20 common/built-in.o
                0x00e0bc88                get_table_entry_name
 .text.genimg_get_os_name
                0x00e0bca8       0x18 common/built-in.o
                0x00e0bca8                genimg_get_os_name
 .text.genimg_get_arch_name
                0x00e0bcc0       0x18 common/built-in.o
                0x00e0bcc0                genimg_get_arch_name
 .text.genimg_get_type_name
                0x00e0bcd8       0x18 common/built-in.o
                0x00e0bcd8                genimg_get_type_name
 .text.genimg_get_comp_name
                0x00e0bcf0       0x18 common/built-in.o
                0x00e0bcf0                genimg_get_comp_name
 .text.image_print_contents
                0x00e0bd08      0x1a8 common/built-in.o
                0x00e0bd08                image_print_contents
 .text.genimg_get_kernel_addr_fit
                0x00e0beb0       0x24 common/built-in.o
                0x00e0beb0                genimg_get_kernel_addr_fit
 .text.genimg_get_format
                0x00e0bed4       0x34 common/built-in.o
                0x00e0bed4                genimg_get_format
 .text.genimg_get_image
                0x00e0bf08        0x4 common/built-in.o
                0x00e0bf08                genimg_get_image
 .text.boot_get_ramdisk
                0x00e0bf0c      0x26c common/built-in.o
                0x00e0bf0c                boot_get_ramdisk
 .text.boot_ramdisk_high
                0x00e0c178      0x12c common/built-in.o
                0x00e0c178                boot_ramdisk_high
 .text.boot_get_setup
                0x00e0c2a4        0x8 common/built-in.o
                0x00e0c2a4                boot_get_setup
 .text.get_effective_memsize
                0x00e0c2ac        0x8 common/built-in.o
                0x00e0c2ac                get_effective_memsize
 .text.stdio_serial_tstc
                0x00e0c2b4        0x4 common/built-in.o
 .text.stdio_serial_getc
                0x00e0c2b8        0x4 common/built-in.o
 .text.stdio_serial_puts
                0x00e0c2bc        0x8 common/built-in.o
 .text.stdio_serial_putc
                0x00e0c2c4        0x8 common/built-in.o
 .text.stdio_get_list
                0x00e0c2cc        0xc common/built-in.o
                0x00e0c2cc                stdio_get_list
 .text.stdio_get_by_name
                0x00e0c2d8       0x4c common/built-in.o
                0x00e0c2d8                stdio_get_by_name
 .text.stdio_clone
                0x00e0c324       0x40 common/built-in.o
                0x00e0c324                stdio_clone
 .text.stdio_register_dev
                0x00e0c364       0x50 common/built-in.o
                0x00e0c364                stdio_register_dev
 .text.stdio_register
                0x00e0c3b4        0x8 common/built-in.o
                0x00e0c3b4                stdio_register
 .text.stdio_init_tables
                0x00e0c3bc       0x1c common/built-in.o
                0x00e0c3bc                stdio_init_tables
 .text.stdio_add_devices
                0x00e0c3d8       0x78 common/built-in.o
                0x00e0c3d8                stdio_add_devices
 .text.run_command
                0x00e0c450       0x10 common/built-in.o
                0x00e0c450                run_command
 .text.run_command_list
                0x00e0c460       0x7c common/built-in.o
                0x00e0c460                run_command_list
 .text.do_run   0x00e0c4dc       0x78 common/built-in.o
                0x00e0c4dc                do_run
 .text.cli_loop
                0x00e0c554        0xc common/built-in.o
                0x00e0c554                cli_loop
 .text.cli_init
                0x00e0c560        0x4 common/built-in.o
                0x00e0c560                cli_init
 .text.delete_char.part.0
                0x00e0c564       0xd0 common/built-in.o
 .text.cread_add_char
                0x00e0c634       0xe8 common/built-in.o
 .text.cli_readline_into_buffer
                0x00e0c71c      0xa60 common/built-in.o
                0x00e0c71c                cli_readline_into_buffer
 .text.cli_readline
                0x00e0d17c       0x14 common/built-in.o
                0x00e0d17c                cli_readline
 .text.find_cmd_tbl
                0x00e0d190       0xa4 common/built-in.o
                0x00e0d190                find_cmd_tbl
 .text.find_cmd
                0x00e0d234       0x28 common/built-in.o
                0x00e0d234                find_cmd
 .text.cmd_usage
                0x00e0d25c       0x5c common/built-in.o
                0x00e0d25c                cmd_usage
 .text._do_help
                0x00e0d2b8      0x184 common/built-in.o
                0x00e0d2b8                _do_help
 .text.var_complete
                0x00e0d43c       0x80 common/built-in.o
                0x00e0d43c                var_complete
 .text.cmd_auto_complete
                0x00e0d4bc      0x4b4 common/built-in.o
                0x00e0d4bc                cmd_auto_complete
 .text.cmd_get_data_size
                0x00e0d970       0x5c common/built-in.o
                0x00e0d970                cmd_get_data_size
 .text.cmd_process
                0x00e0d9cc       0xe8 common/built-in.o
                0x00e0d9cc                cmd_process
 .text.hex1_bin
                0x00e0dab4       0x40 common/built-in.o
 .text.hex2_bin
                0x00e0daf4       0x38 common/built-in.o
 .text.srec_decode
                0x00e0db2c      0x258 common/built-in.o
                0x00e0db2c                srec_decode
 .text.CYGACC_COMM_IF_GETC_TIMEOUT.isra.0
                0x00e0dd84       0x4c common/built-in.o
 .text.xyzModem_flush
                0x00e0ddd0       0x1c common/built-in.o
 .text.xyzModem_get_hdr
                0x00e0ddec      0x238 common/built-in.o
 .text.xyzModem_stream_open
                0x00e0e024      0x248 common/built-in.o
                0x00e0e024                xyzModem_stream_open
 .text.xyzModem_stream_read
                0x00e0e26c      0x24c common/built-in.o
                0x00e0e26c                xyzModem_stream_read
 .text.xyzModem_stream_close
                0x00e0e4b8       0x54 common/built-in.o
                0x00e0e4b8                xyzModem_stream_close
 .text.xyzModem_stream_terminate
                0x00e0e50c       0x94 common/built-in.o
                0x00e0e50c                xyzModem_stream_terminate
 .text.xyzModem_error
                0x00e0e5a0       0x20 common/built-in.o
                0x00e0e5a0                xyzModem_error
 .text.dev_print
                0x00e0e5c0      0x220 disk/built-in.o
                0x00e0e5c0                dev_print
 .text.part_init
                0x00e0e7e0       0x60 disk/built-in.o
                0x00e0e7e0                part_init
 .text.part_print
                0x00e0e840      0x138 disk/built-in.o
                0x00e0e840                part_print
 .text.part_get_info
                0x00e0e978       0x70 disk/built-in.o
                0x00e0e978                part_get_info
 .text.blk_get_device_by_str
                0x00e0e9e8      0x154 disk/built-in.o
                0x00e0e9e8                blk_get_device_by_str
 .text.blk_get_device_part_str
                0x00e0eb3c      0x3f0 disk/built-in.o
                0x00e0eb3c                blk_get_device_part_str
 .text.part_set_generic_name
                0x00e0ef2c       0x4c disk/built-in.o
                0x00e0ef2c                part_set_generic_name
 .text.test_block_type
                0x00e0ef78       0x7c disk/built-in.o
 .text.print_partition_extended
                0x00e0eff4      0x258 disk/built-in.o
 .text.part_print_dos
                0x00e0f24c       0x34 disk/built-in.o
                0x00e0f24c                part_print_dos
 .text.part_test_dos
                0x00e0f280       0x5c disk/built-in.o
 .text.part_get_info_extended.constprop.5
                0x00e0f2dc      0x274 disk/built-in.o
 .text.part_get_info_dos
                0x00e0f550       0x20 disk/built-in.o
                0x00e0f550                part_get_info_dos
 .text.get_desc
                0x00e0f570       0x68 drivers/built-in.o
 .text.blk_driver_lookup_type
                0x00e0f5d8       0x48 drivers/built-in.o
                0x00e0f5d8                blk_driver_lookup_type
 .text.blk_get_devnum_by_type
                0x00e0f620       0x3c drivers/built-in.o
                0x00e0f620                blk_get_devnum_by_type
 .text.blk_dselect_hwpart
                0x00e0f65c       0x48 drivers/built-in.o
                0x00e0f65c                blk_dselect_hwpart
 .text.blk_get_devnum_by_typename
                0x00e0f6a4       0x7c drivers/built-in.o
                0x00e0f6a4                blk_get_devnum_by_typename
 .text.blk_select_hwpart_devnum
                0x00e0f720       0x4c drivers/built-in.o
                0x00e0f720                blk_select_hwpart_devnum
 .text.find_mmc_device
                0x00e0f76c       0x4c drivers/mmc/built-in.o
                0x00e0f76c                find_mmc_device
 .text.mmc_select_hwpartp
                0x00e0f7b8       0x54 drivers/mmc/built-in.o
 .text.mmc_get_dev
                0x00e0f80c       0x30 drivers/mmc/built-in.o
 .text.mmc_get_next_devnum
                0x00e0f83c       0x18 drivers/mmc/built-in.o
                0x00e0f83c                mmc_get_next_devnum
 .text.mmc_get_blk_desc
                0x00e0f854        0x8 drivers/mmc/built-in.o
                0x00e0f854                mmc_get_blk_desc
 .text.get_mmc_num
                0x00e0f85c       0x10 drivers/mmc/built-in.o
                0x00e0f85c                get_mmc_num
 .text.mmc_do_preinit
                0x00e0f86c       0x3c drivers/mmc/built-in.o
                0x00e0f86c                mmc_do_preinit
 .text.mmc_list_init
                0x00e0f8a8       0x24 drivers/mmc/built-in.o
                0x00e0f8a8                mmc_list_init
 .text.mmc_list_add
                0x00e0f8cc       0x24 drivers/mmc/built-in.o
                0x00e0f8cc                mmc_list_add
 .text.print_mmc_devices
                0x00e0f8f0       0xc0 drivers/mmc/built-in.o
                0x00e0f8f0                print_mmc_devices
 .text.mmc_create
                0x00e0f9b0       0xdc drivers/mmc/built-in.o
                0x00e0f9b0                mmc_create
 .text.mmc_set_ios
                0x00e0fa8c       0x20 drivers/mmc/built-in.o
 .text.mmc_set_capacity
                0x00e0faac       0xb8 drivers/mmc/built-in.o
 .text.board_mmc_getwp
                0x00e0fb64        0x8 drivers/mmc/built-in.o
                0x00e0fb64                board_mmc_getwp
 .text.mmc_getwp
                0x00e0fb6c       0x3c drivers/mmc/built-in.o
                0x00e0fb6c                mmc_getwp
 .text.board_mmc_getcd
                0x00e0fba8       0x8c drivers/mmc/built-in.o
                0x00e0fbb0                board_mmc_getcd
 .text.mmc_send_cmd
                0x00e0fc34       0x18 drivers/mmc/built-in.o
                0x00e0fc34                mmc_send_cmd
 .text.mmc_send_ext_csd
                0x00e0fc4c       0x4c drivers/mmc/built-in.o
 .text.mmc_go_idle
                0x00e0fc98       0x4c drivers/mmc/built-in.o
 .text.mmc_send_op_cond_iter
                0x00e0fce4       0x78 drivers/mmc/built-in.o
 .text.mmc_send_status
                0x00e0fd5c       0xd0 drivers/mmc/built-in.o
                0x00e0fd5c                mmc_send_status
 .text.mmc_set_blocklen
                0x00e0fe2c       0x3c drivers/mmc/built-in.o
                0x00e0fe2c                mmc_set_blocklen
 .text.mmc_bread
                0x00e0fe68      0x15c drivers/mmc/built-in.o
                0x00e0fe68                mmc_bread
 .text.mmc_switch
                0x00e0ffc4       0x54 drivers/mmc/built-in.o
                0x00e0ffc4                mmc_switch
 .text.mmc_switch_part
                0x00e10018       0x64 drivers/mmc/built-in.o
                0x00e10018                mmc_switch_part
 .text.mmc_hwpart_config
                0x00e1007c      0x458 drivers/mmc/built-in.o
                0x00e1007c                mmc_hwpart_config
 .text.mmc_getcd
                0x00e104d4       0x3c drivers/mmc/built-in.o
                0x00e104d4                mmc_getcd
 .text.mmc_set_clock
                0x00e10510       0x24 drivers/mmc/built-in.o
                0x00e10510                mmc_set_clock
 .text.mmc_startup
                0x00e10534      0xf04 drivers/mmc/built-in.o
 .text.board_mmc_power_init
                0x00e11438        0x4 drivers/mmc/built-in.o
                0x00e11438                board_mmc_power_init
 .text.mmc_start_init
                0x00e1143c      0x280 drivers/mmc/built-in.o
                0x00e1143c                mmc_start_init
 .text.mmc_init
                0x00e116bc      0x100 drivers/mmc/built-in.o
                0x00e116bc                mmc_init
 .text.mmc_set_dsr
                0x00e117bc        0xc drivers/mmc/built-in.o
                0x00e117bc                mmc_set_dsr
 .text.cpu_mmc_init
                0x00e117c8        0x8 drivers/mmc/built-in.o
                0x00e117c8                cpu_mmc_init
 .text.mmc_initialize
                0x00e117d0       0x54 drivers/mmc/built-in.o
                0x00e117d0                mmc_initialize
 .text.mmc_berase
                0x00e11824      0x1c4 drivers/mmc/built-in.o
                0x00e11824                mmc_berase
 .text.mmc_bwrite
                0x00e119e8      0x1a0 drivers/mmc/built-in.o
                0x00e119e8                mmc_bwrite
 .text._nuc970_emmc_init
                0x00e11b88       0xb0 drivers/mmc/built-in.o
 .text.nuc970_sd_set_ios
                0x00e11c38       0xf8 drivers/mmc/built-in.o
                0x00e11c38                nuc970_sd_set_ios
 .text.nuc970_emmc_set_ios
                0x00e11d30       0xf8 drivers/mmc/built-in.o
                0x00e11d30                nuc970_emmc_set_ios
 .text._nuc970_sd_init
                0x00e11e28       0xac drivers/mmc/built-in.o
 .text.nuc970_sd_check_ready_busy
                0x00e11ed4       0x4c drivers/mmc/built-in.o
                0x00e11ed4                nuc970_sd_check_ready_busy
 .text.nuc970_sd_send_cmd
                0x00e11f20      0x30c drivers/mmc/built-in.o
                0x00e11f20                nuc970_sd_send_cmd
 .text.nuc970_emmc_check_ready_busy
                0x00e1222c       0x4c drivers/mmc/built-in.o
                0x00e1222c                nuc970_emmc_check_ready_busy
 .text.nuc970_emmc_send_cmd
                0x00e12278      0x2d4 drivers/mmc/built-in.o
                0x00e12278                nuc970_emmc_send_cmd
 .text.nuc970_mmc_init
                0x00e1254c       0xa4 drivers/mmc/built-in.o
                0x00e1254c                nuc970_mmc_init
 .text.serial_stub_start
                0x00e125f0       0x14 drivers/serial/built-in.o
 .text.serial_stub_stop
                0x00e12604       0x14 drivers/serial/built-in.o
 .text.serial_stub_putc
                0x00e12618       0x18 drivers/serial/built-in.o
 .text.serial_stub_puts
                0x00e12630       0x18 drivers/serial/built-in.o
 .text.serial_stub_getc
                0x00e12648       0x14 drivers/serial/built-in.o
                0x00e12648                serial_stub_getc
 .text.serial_stub_tstc
                0x00e1265c       0x14 drivers/serial/built-in.o
                0x00e1265c                serial_stub_tstc
 .text.get_current
                0x00e12670       0x40 drivers/serial/built-in.o
 .text.serial_null
                0x00e126b0        0x4 drivers/serial/built-in.o
                0x00e126b0                jz_serial_initialize
                0x00e126b0                bfin_serial_initialize
                0x00e126b0                p3mx_serial_initialize
                0x00e126b0                leon2_serial_initialize
                0x00e126b0                leon3_serial_initialize
                0x00e126b0                stm32_serial_initialize
                0x00e126b0                amirix_serial_initialize
                0x00e126b0                marvell_serial_initialize
                0x00e126b0                cpci750_serial_initialize
                0x00e126b0                ns16550_serial_initialize
                0x00e126b0                asc_serial_initialize
                0x00e126b0                oc_serial_initialize
                0x00e126b0                sh_serial_initialize
                0x00e126b0                mxs_auart_initialize
                0x00e126b0                arm_dcc_initialize
                0x00e126b0                bmw_serial_initialize
                0x00e126b0                arc_serial_initialize
                0x00e126b0                mcf_serial_initialize
                0x00e126b0                lh7a40x_serial_initialize
                0x00e126b0                evb64260_serial_initialize
                0x00e126b0                lpc32xx_serial_initialize
                0x00e126b0                max3100_serial_initialize
                0x00e126b0                mpc85xx_serial_initialize
                0x00e126b0                imx_serial_initialize
                0x00e126b0                bfin_jtag_initialize
                0x00e126b0                cogent_serial_initialize
                0x00e126b0                clps7111_serial_initialize
                0x00e126b0                ml2_serial_initialize
                0x00e126b0                sandbox_serial_initialize
                0x00e126b0                s3c24xx_serial_initialize
                0x00e126b0                sconsole_serial_initialize
                0x00e126b0                uartlite_serial_initialize
                0x00e126b0                au1x00_serial_initialize
                0x00e126b0                pxa_serial_initialize
                0x00e126b0                atmel_serial_initialize
                0x00e126b0                pl01x_serial_initialize
                0x00e126b0                mpc512x_serial_initialize
                0x00e126b0                s5p_serial_initialize
                0x00e126b0                zynq_serial_initialize
                0x00e126b0                sa1100_serial_initialize
                0x00e126b0                mpc8260_scc_serial_initialize
                0x00e126b0                mxc_serial_initialize
                0x00e126b0                iop480_serial_initialize
                0x00e126b0                mpc8xx_serial_initialize
                0x00e126b0                mpc8260_smc_serial_initialize
                0x00e126b0                mpc5xx_serial_initialize
 .text.serial_register
                0x00e126b4       0x18 drivers/serial/built-in.o
                0x00e126b4                serial_register
 .text.serial_stdio_init
                0x00e126cc       0xa8 drivers/serial/built-in.o
                0x00e126cc                serial_stdio_init
 .text.serial_assign
                0x00e12774       0x4c drivers/serial/built-in.o
                0x00e12774                serial_assign
 .text.serial_initialize
                0x00e127c0       0xcc drivers/serial/built-in.o
                0x00e127c0                serial_initialize
 .text.serial_init
                0x00e1288c       0x20 drivers/serial/built-in.o
                0x00e1288c                serial_init
 .text.serial_setbrg
                0x00e128ac       0x14 drivers/serial/built-in.o
                0x00e128ac                serial_setbrg
 .text.on_baudrate
                0x00e128c0       0xe4 drivers/serial/built-in.o
 .text.serial_getc
                0x00e129a4       0x14 drivers/serial/built-in.o
                0x00e129a4                serial_getc
 .text.serial_tstc
                0x00e129b8       0x14 drivers/serial/built-in.o
                0x00e129b8                serial_tstc
 .text.serial_putc
                0x00e129cc       0x1c drivers/serial/built-in.o
                0x00e129cc                serial_putc
 .text.serial_puts
                0x00e129e8       0x1c drivers/serial/built-in.o
                0x00e129e8                serial_puts
 .text.nuc970_serial_init
                0x00e12a04       0x38 drivers/serial/built-in.o
                0x00e12a04                nuc970_serial_init
 .text.nuc970_serial_getc
                0x00e12a3c       0x1c drivers/serial/built-in.o
                0x00e12a3c                nuc970_serial_getc
 .text.nuc970_serial_tstc
                0x00e12a58       0x18 drivers/serial/built-in.o
                0x00e12a58                nuc970_serial_tstc
 .text.nuc970_serial_setbrg
                0x00e12a70        0x4 drivers/serial/built-in.o
                0x00e12a70                nuc970_serial_setbrg
 .text.nuc970_serial_putc
                0x00e12a74       0x3c drivers/serial/built-in.o
                0x00e12a74                nuc970_serial_putc
 .text.nuc970_serial_puts
                0x00e12ab0       0x20 drivers/serial/built-in.o
                0x00e12ab0                nuc970_serial_puts
 .text.nuc970_serial_initialize
                0x00e12ad0        0xc drivers/serial/built-in.o
                0x00e12ad0                nuc970_serial_initialize
 .text.default_serial_console
                0x00e12adc        0xc drivers/serial/built-in.o
                0x00e12adc                default_serial_console
 .text.fs_probe_unsupported
                0x00e12ae8       0x18 fs/built-in.o
 .text.fs_ls_unsupported
                0x00e12b00        0x8 fs/built-in.o
 .text.fs_exists_unsupported
                0x00e12b08        0x8 fs/built-in.o
 .text.fs_size_unsupported
                0x00e12b10        0x8 fs/built-in.o
 .text.fs_read_unsupported
                0x00e12b18        0x8 fs/built-in.o
 .text.fs_write_unsupported
                0x00e12b20        0x8 fs/built-in.o
 .text.fs_close_unsupported
                0x00e12b28        0x4 fs/built-in.o
 .text.fs_uuid_unsupported
                0x00e12b2c        0x8 fs/built-in.o
 .text.fs_get_info
                0x00e12b34       0x20 fs/built-in.o
 .text.fs_close
                0x00e12b54       0x28 fs/built-in.o
 .text.fs_set_blk_dev
                0x00e12b7c       0xb8 fs/built-in.o
                0x00e12b7c                fs_set_blk_dev
 .text.fs_ls    0x00e12c34       0x3c fs/built-in.o
                0x00e12c34                fs_ls
 .text.fs_exists
                0x00e12c70       0x34 fs/built-in.o
                0x00e12c70                fs_exists
 .text.fs_size  0x00e12ca4       0x3c fs/built-in.o
                0x00e12ca4                fs_size
 .text.fs_read  0x00e12ce0       0xa0 fs/built-in.o
                0x00e12ce0                fs_read
 .text.do_size  0x00e12d80       0x60 fs/built-in.o
                0x00e12d80                do_size
 .text.do_load  0x00e12de0      0x258 fs/built-in.o
                0x00e12de0                do_load
 .text.do_ls    0x00e13038       0x68 fs/built-in.o
                0x00e13038                do_ls
 .text.file_exists
                0x00e130a0       0x2c fs/built-in.o
                0x00e130a0                file_exists
 .text.downcase
                0x00e130cc       0x30 fs/built-in.o
 .text.disk_read
                0x00e130fc       0x64 fs/built-in.o
 .text.dirdelim
                0x00e13160       0x30 fs/built-in.o
 .text.get_fatent
                0x00e13190      0x158 fs/built-in.o
 .text.mkcksum  0x00e132e8       0x54 fs/built-in.o
 .text.get_cluster
                0x00e1333c      0x178 fs/built-in.o
 .text.get_name
                0x00e134b4       0xac fs/built-in.o
 .text.read_bootsectandvi
                0x00e13560      0x124 fs/built-in.o
 .text.slot2str
                0x00e13684       0xc0 fs/built-in.o
 .text.get_vfatname
                0x00e13744      0x1c4 fs/built-in.o
 .text.fat_set_blk_dev
                0x00e13908       0xd0 fs/built-in.o
                0x00e13908                fat_set_blk_dev
 .text.do_fat_read_at
                0x00e139d8      0xd30 fs/built-in.o
                0x00e139d8                do_fat_read_at
 .text.do_fat_read
                0x00e14708       0x3c fs/built-in.o
                0x00e14708                do_fat_read
 .text.file_fat_detectfs
                0x00e14744      0x148 fs/built-in.o
                0x00e14744                file_fat_detectfs
 .text.file_fat_ls
                0x00e1488c       0x2c fs/built-in.o
                0x00e1488c                file_fat_ls
 .text.fat_exists
                0x00e148b8       0x44 fs/built-in.o
                0x00e148b8                fat_exists
 .text.fat_size
                0x00e148fc       0x38 fs/built-in.o
                0x00e148fc                fat_size
 .text.file_fat_read_at
                0x00e14934       0x60 fs/built-in.o
                0x00e14934                file_fat_read_at
 .text.fat_read_file
                0x00e14994       0x48 fs/built-in.o
                0x00e14994                fat_read_file
 .text.fat_close
                0x00e149dc        0x4 fs/built-in.o
                0x00e149dc                fat_close
 .text.zcalloc  0x00e149e0        0x8 lib/built-in.o
                0x00e149e0                zcalloc
 .text.zcfree   0x00e149e8        0x8 lib/built-in.o
                0x00e149e8                zcfree
 .text.inflate_fast
                0x00e149f0      0x5a8 lib/built-in.o
                0x00e149f0                inflate_fast
 .text.inflate_table
                0x00e14f98      0x568 lib/built-in.o
                0x00e14f98                inflate_table
 .text.inflateReset
                0x00e15500       0x7c lib/built-in.o
                0x00e15500                inflateReset
 .text.inflateInit2_
                0x00e1557c      0x108 lib/built-in.o
                0x00e1557c                inflateInit2_
 .text.inflateEnd
                0x00e15684       0x64 lib/built-in.o
                0x00e15684                inflateEnd
 .text.adler32  0x00e156e8      0x354 lib/built-in.o
                0x00e156e8                adler32
 .text.inflate  0x00e15a3c     0x14fc lib/built-in.o
                0x00e15a3c                inflate
 .text.crc16_ccitt
                0x00e16f38       0x40 lib/built-in.o
                0x00e16f38                crc16_ccitt
 .text.gzalloc  0x00e16f78       0x10 lib/built-in.o
                0x00e16f78                gzalloc
 .text.gzfree   0x00e16f88        0x8 lib/built-in.o
                0x00e16f88                gzfree
 .text.zunzip   0x00e16f90      0x110 lib/built-in.o
                0x00e16f90                zunzip
 .text.gunzip   0x00e170a0       0xc8 lib/built-in.o
                0x00e170a0                gunzip
 .text.initcall_run_list
                0x00e17168       0x60 lib/built-in.o
                0x00e17168                initcall_run_list
 .text.lmb_add_region
                0x00e171c8      0x1c0 lib/built-in.o
 .text.lmb_init
                0x00e17388       0x28 lib/built-in.o
                0x00e17388                lmb_init
 .text.lmb_add  0x00e173b0        0x4 lib/built-in.o
                0x00e173b0                lmb_add
 .text.lmb_reserve
                0x00e173b4        0x8 lib/built-in.o
                0x00e173b4                lmb_reserve
 .text.__lmb_alloc_base
                0x00e173bc      0x168 lib/built-in.o
                0x00e173bc                __lmb_alloc_base
 .text.lmb_alloc_base
                0x00e17524       0x34 lib/built-in.o
                0x00e17524                lmb_alloc_base
 .text.lmb_alloc
                0x00e17558        0x8 lib/built-in.o
                0x00e17558                lmb_alloc
 .text.board_lmb_reserve
                0x00e17560        0x4 lib/built-in.o
                0x00e17560                board_lmb_reserve
 .text.string_to_ip
                0x00e17564       0x74 lib/built-in.o
                0x00e17564                string_to_ip
 .text.qsort    0x00e175d8       0xe4 lib/built-in.o
                0x00e175d8                qsort
 .text.strcmp_compar
                0x00e176bc        0xc lib/built-in.o
                0x00e176bc                strcmp_compar
 .text.cmpkey   0x00e176c8       0x14 lib/built-in.o
 .text._hdelete.isra.1
                0x00e176dc       0x50 lib/built-in.o
 .text.drop_var_from_set.part.2
                0x00e1772c       0x50 lib/built-in.o
 .text.match_string
                0x00e1777c       0xb4 lib/built-in.o
 .text.match_entry
                0x00e17830       0xc0 lib/built-in.o
 .text.hcreate_r
                0x00e178f0       0xac lib/built-in.o
                0x00e178f0                hcreate_r
 .text.hdestroy_r
                0x00e1799c       0x74 lib/built-in.o
                0x00e1799c                hdestroy_r
 .text.hmatch_r
                0x00e17a10       0xa0 lib/built-in.o
                0x00e17a10                hmatch_r
 .text.hsearch_r
                0x00e17ab0      0x480 lib/built-in.o
                0x00e17ab0                hsearch_r
 .text.hdelete_r
                0x00e17f30       0xd4 lib/built-in.o
                0x00e17f30                hdelete_r
 .text.hexport_r
                0x00e18004      0x2c4 lib/built-in.o
                0x00e18004                hexport_r
 .text.himport_r
                0x00e182c8      0x3f0 lib/built-in.o
                0x00e182c8                himport_r
 .text.hwalk_r  0x00e186b8       0x58 lib/built-in.o
                0x00e186b8                hwalk_r
 .text.display_options
                0x00e18710       0x20 lib/built-in.o
                0x00e18710                display_options
 .text.print_size
                0x00e18730      0x134 lib/built-in.o
                0x00e18730                print_size
 .text.print_buffer
                0x00e18864      0x1bc lib/built-in.o
                0x00e18864                print_buffer
 .text.crc32_no_comp
                0x00e18a20       0xd8 lib/built-in.o
                0x00e18a20                crc32_no_comp
 .text.crc32    0x00e18af8       0x14 lib/built-in.o
                0x00e18af8                crc32
 .text.crc32_wd
                0x00e18b0c        0x4 lib/built-in.o
                0x00e18b0c                crc32_wd
 .text.__div64_32
                0x00e18b10       0xd4 lib/built-in.o
                0x00e18b10                __div64_32
 .text.hang     0x00e18be4       0x1c lib/built-in.o
                0x00e18be4                hang
 .text.skip_spaces
                0x00e18c00       0x28 lib/built-in.o
                0x00e18c00                skip_spaces
 .text.strim    0x00e18c28       0x60 lib/built-in.o
                0x00e18c28                strim
 .text.emit     0x00e18c88       0x24 lib/built-in.o
 .text.store_char_in_data
                0x00e18cac       0x28 lib/built-in.o
 .text.get_escape_char
                0x00e18cd4       0x84 lib/built-in.o
 .text.match    0x00e18d58      0x3f4 lib/built-in.o
 .text.loop_greedy
                0x00e1914c       0x90 lib/built-in.o
 .text.loop_non_greedy
                0x00e191dc       0x80 lib/built-in.o
 .text.fixup_branch
                0x00e1925c       0x3c lib/built-in.o
 .text.quantifier
                0x00e19298       0xb8 lib/built-in.o
 .text.compile  0x00e19350      0x398 lib/built-in.o
 .text.slre_compile
                0x00e196e8       0xd8 lib/built-in.o
                0x00e196e8                slre_compile
 .text.slre_match
                0x00e197c0       0x98 lib/built-in.o
                0x00e197c0                slre_match
 .text.strcpy   0x00e19858       0x1c lib/built-in.o
                0x00e19858                strcpy
 .text.strncpy  0x00e19874       0x24 lib/built-in.o
                0x00e19874                strncpy
 .text.strcat   0x00e19898       0x30 lib/built-in.o
                0x00e19898                strcat
 .text.strncat  0x00e198c8       0x54 lib/built-in.o
                0x00e198c8                strncat
 .text.strcmp   0x00e1991c       0x30 lib/built-in.o
                0x00e1991c                strcmp
 .text.strncmp  0x00e1994c       0x44 lib/built-in.o
                0x00e1994c                strncmp
 .text.strchr   0x00e19990       0x2c lib/built-in.o
                0x00e19990                strchr
 .text.strlen   0x00e199bc       0x20 lib/built-in.o
                0x00e199bc                strlen
 .text.strnlen  0x00e199dc       0x30 lib/built-in.o
                0x00e199dc                strnlen
 .text.strdup   0x00e19a0c       0x3c lib/built-in.o
                0x00e19a0c                strdup
 .text.memset   0x00e19a48       0x60 lib/built-in.o
                0x00e19a48                memset
 .text.memcpy   0x00e19aa8       0x60 lib/built-in.o
                0x00e19aa8                memcpy
 .text.memmove  0x00e19b08       0x54 lib/built-in.o
                0x00e19b08                memmove
 .text.memcmp   0x00e19b5c       0x34 lib/built-in.o
                0x00e19b5c                memcmp
 .text.strstr   0x00e19b90       0x68 lib/built-in.o
                0x00e19b90                strstr
 .text.udelay   0x00e19bf8       0x30 lib/built-in.o
                0x00e19bf8                udelay
 .text.mdelay   0x00e19c28       0x24 lib/built-in.o
                0x00e19c28                mdelay
 .text.put_dec_trunc
                0x00e19c4c       0xf8 lib/built-in.o
 .text.string   0x00e19d44       0xb8 lib/built-in.o
 .text.put_dec  0x00e19dfc      0x14c lib/built-in.o
 .text.number   0x00e19f48      0x2c0 lib/built-in.o
 .text.vsnprintf_internal
                0x00e1a208      0x6b0 lib/built-in.o
 .text.vscnprintf
                0x00e1a8b8       0x24 lib/built-in.o
                0x00e1a8b8                vscnprintf
 .text.snprintf
                0x00e1a8dc       0x28 lib/built-in.o
                0x00e1a8dc                snprintf
 .text.vsprintf
                0x00e1a904       0x14 lib/built-in.o
                0x00e1a904                vsprintf
 .text.sprintf  0x00e1a918       0x28 lib/built-in.o
                0x00e1a918                sprintf
 .text.printf   0x00e1a940       0x44 lib/built-in.o
                0x00e1a940                printf
 .text.vprintf  0x00e1a984       0x34 lib/built-in.o
                0x00e1a984                vprintf
 .text.panic_finish
                0x00e1a9b8       0x30 lib/built-in.o
 .text.panic    0x00e1a9e8       0x1c lib/built-in.o
                0x00e1a9e8                panic
 .text.simple_strtoul
                0x00e1aa04       0xb8 lib/built-in.o
                0x00e1aa04                simple_strtoul
 .text.strict_strtoul
                0x00e1aabc       0x7c lib/built-in.o
                0x00e1aabc                strict_strtoul
 .text.simple_strtol
                0x00e1ab38       0x28 lib/built-in.o
                0x00e1ab38                simple_strtol
 .text.ustrtoul
                0x00e1ab60       0x70 lib/built-in.o
                0x00e1ab60                ustrtoul
 .text.simple_strtoull
                0x00e1abd0       0xdc lib/built-in.o
                0x00e1abd0                simple_strtoull
 .text.ustrtoull
                0x00e1acac       0x88 lib/built-in.o
                0x00e1acac                ustrtoull
 .text.compute_ip_checksum
                0x00e1ad34       0x70 net/built-in.o
                0x00e1ad34                compute_ip_checksum
 .text.arp_init
                0x00e1ada4       0x50 net/built-in.o
                0x00e1ada4                arp_init
 .text.arp_raw_request
                0x00e1adf4       0xc8 net/built-in.o
                0x00e1adf4                arp_raw_request
 .text.arp_request
                0x00e1aebc       0x80 net/built-in.o
                0x00e1aebc                arp_request
 .text.arp_timeout_check
                0x00e1af3c       0x94 net/built-in.o
                0x00e1af3c                arp_timeout_check
 .text.bootp_handler
                0x00e1afd0      0x3a4 net/built-in.o
 .text.bootp_reset
                0x00e1b374       0x44 net/built-in.o
                0x00e1b374                bootp_reset
 .text.bootp_request
                0x00e1b3b8      0x2f0 net/built-in.o
                0x00e1b3b8                bootp_request
 .text.bootp_timeout_handler
                0x00e1b6a8       0x70 net/built-in.o
 .text.__def_eth_init
                0x00e1b718        0x8 net/built-in.o
                0x00e1b718                cpu_eth_init
                0x00e1b718                board_eth_init
 .text.eth_set_current_to_next
                0x00e1b720       0x18 net/built-in.o
                0x00e1b720                eth_set_current_to_next
 .text.eth_set_dev
                0x00e1b738       0x10 net/built-in.o
                0x00e1b738                eth_set_dev
 .text.eth_get_dev_by_name
                0x00e1b748       0x84 net/built-in.o
                0x00e1b748                eth_get_dev_by_name
 .text.eth_get_dev_by_index
                0x00e1b7cc       0x48 net/built-in.o
                0x00e1b7cc                eth_get_dev_by_index
 .text.eth_get_dev_index
                0x00e1b814       0x1c net/built-in.o
                0x00e1b814                eth_get_dev_index
 .text.eth_write_hwaddr
                0x00e1b830      0x1e8 net/built-in.o
                0x00e1b830                eth_write_hwaddr
 .text.on_ethaddr
                0x00e1ba18       0xa4 net/built-in.o
 .text.eth_initialize
                0x00e1babc      0x188 net/built-in.o
                0x00e1babc                eth_initialize
 .text.eth_init
                0x00e1bc44       0x7c net/built-in.o
                0x00e1bc44                eth_init
 .text.eth_halt
                0x00e1bcc0       0x30 net/built-in.o
                0x00e1bcc0                eth_halt
 .text.eth_send
                0x00e1bcf0       0x38 net/built-in.o
                0x00e1bcf0                eth_send
 .text.eth_rx   0x00e1bd28       0x2c net/built-in.o
                0x00e1bd28                eth_rx
 .text.eth_parse_enetaddr
                0x00e1bd54       0x58 net/built-in.o
                0x00e1bd54                eth_parse_enetaddr
 .text.eth_getenv_enetaddr
                0x00e1bdac       0x5c net/built-in.o
                0x00e1bdac                eth_getenv_enetaddr
 .text.eth_setenv_enetaddr
                0x00e1be08       0x34 net/built-in.o
                0x00e1be08                eth_setenv_enetaddr
 .text.eth_getenv_enetaddr_by_index
                0x00e1be3c       0x50 net/built-in.o
                0x00e1be3c                eth_getenv_enetaddr_by_index
 .text.eth_setenv_enetaddr_by_index
                0x00e1be8c       0x50 net/built-in.o
                0x00e1be8c                eth_setenv_enetaddr_by_index
 .text.eth_common_init
                0x00e1bedc        0x8 net/built-in.o
                0x00e1bedc                eth_common_init
 .text.eth_mac_skip
                0x00e1bee4       0x40 net/built-in.o
                0x00e1bee4                eth_mac_skip
 .text.eth_get_name
                0x00e1bf24       0x20 net/built-in.o
                0x00e1bf24                eth_get_name
 .text.eth_current_changed
                0x00e1bf44       0x9c net/built-in.o
                0x00e1bf44                eth_current_changed
 .text.eth_try_another
                0x00e1bfe0       0x84 net/built-in.o
                0x00e1bfe0                eth_try_another
 .text.eth_set_current
                0x00e1c064       0x8c net/built-in.o
                0x00e1c064                eth_set_current
 .text.start_again_timeout_handler
                0x00e1c0f0       0x14 net/built-in.o
 .text.dummy_handler
                0x00e1c104        0x4 net/built-in.o
 .text.on_ipaddr
                0x00e1c108       0x28 net/built-in.o
 .text.on_gatewayip
                0x00e1c130       0x28 net/built-in.o
 .text.on_netmask
                0x00e1c158       0x28 net/built-in.o
 .text.on_serverip
                0x00e1c180       0x28 net/built-in.o
 .text.net_init_loop
                0x00e1c1a8       0x28 net/built-in.o
 .text.net_clear_handlers
                0x00e1c1d0       0x34 net/built-in.o
 .text.net_auto_load
                0x00e1c204       0x64 net/built-in.o
                0x00e1c204                net_auto_load
 .text.net_init
                0x00e1c268       0x70 net/built-in.o
                0x00e1c268                net_init
 .text.net_start_again
                0x00e1c2d8      0x16c net/built-in.o
                0x00e1c2d8                net_start_again
 .text.net_loop
                0x00e1c444      0x330 net/built-in.o
                0x00e1c444                net_loop
 .text.net_set_udp_handler
                0x00e1c774       0x20 net/built-in.o
                0x00e1c774                net_set_udp_handler
 .text.net_set_timeout_handler
                0x00e1c794       0x4c net/built-in.o
                0x00e1c794                net_set_timeout_handler
 .text.net_eth_hdr_size
                0x00e1c7e0       0x40 net/built-in.o
                0x00e1c7e0                net_eth_hdr_size
 .text.net_set_ether
                0x00e1c820       0xa8 net/built-in.o
                0x00e1c820                net_set_ether
 .text.net_set_ip_header
                0x00e1c8c8       0x8c net/built-in.o
                0x00e1c8c8                net_set_ip_header
 .text.net_set_udp_header
                0x00e1c954       0xa4 net/built-in.o
                0x00e1c954                net_set_udp_header
 .text.net_send_udp_packet
                0x00e1c9f8      0x114 net/built-in.o
                0x00e1c9f8                net_send_udp_packet
 .text.copy_filename
                0x00e1cb0c       0x48 net/built-in.o
                0x00e1cb0c                copy_filename
 .text.on_bootfile
                0x00e1cb54       0x34 net/built-in.o
 .text.ip_to_string
                0x00e1cb88       0x54 net/built-in.o
                0x00e1cb88                ip_to_string
 .text.string_to_vlan
                0x00e1cbdc       0x58 net/built-in.o
                0x00e1cbdc                string_to_vlan
 .text.on_nvlan
                0x00e1cc34       0x28 net/built-in.o
 .text.on_vlan  0x00e1cc5c       0x28 net/built-in.o
 .text.rpc_lookup_reply
                0x00e1cc84      0x108 net/built-in.o
 .text.nfs_mount_reply
                0x00e1cd8c       0xd8 net/built-in.o
 .text.nfs_umountall_reply
                0x00e1ce64       0xc8 net/built-in.o
 .text.nfs_lookup_reply
                0x00e1cf2c      0x194 net/built-in.o
 .text.nfs3_get_attributes_offset
                0x00e1d0c0       0x28 net/built-in.o
 .text.nfs_readlink_reply
                0x00e1d0e8      0x170 net/built-in.o
 .text.basename
                0x00e1d258       0x3c net/built-in.o
 .text.rpc_req  0x00e1d294      0x174 net/built-in.o
 .text.nfs_umountall_req
                0x00e1d408       0x94 net/built-in.o
 .text.nfs_read_reply.isra.2
                0x00e1d49c      0x1e8 net/built-in.o
 .text.nfs_readlink_req
                0x00e1d684       0xec net/built-in.o
 .text.nfs_mount_req
                0x00e1d770       0xe0 net/built-in.o
 .text.nfs_read_req
                0x00e1d850      0x18c net/built-in.o
 .text.nfs_lookup_req
                0x00e1d9dc      0x1c0 net/built-in.o
 .text.nfs_send
                0x00e1db9c      0x154 net/built-in.o
 .text.nfs_handler
                0x00e1dcf0      0x258 net/built-in.o
 .text.nfs_timeout_handler
                0x00e1df48       0x64 net/built-in.o
 .text.nfs_start
                0x00e1dfac      0x184 net/built-in.o
                0x00e1dfac                nfs_start
 .text.tftp_send
                0x00e1e130      0x1c8 net/built-in.o
 .text.tftp_handler
                0x00e1e2f8      0x3b8 net/built-in.o
 .text.tftp_timeout_handler
                0x00e1e6b0       0x88 net/built-in.o
 .text.tftp_start
                0x00e1e738      0x38c net/built-in.o
                0x00e1e738                tftp_start
 .text.__ashldi3
                0x00e1eac4       0x1c arch/arm/lib/lib.a(ashldi3.o)
                0x00e1eac4                __ashldi3
                0x00e1eac4                __aeabi_llsl
 .text.__udivsi3
                0x00e1eae0       0x9c arch/arm/lib/lib.a(lib1funcs.o)
                0x00e1eae0                __udivsi3
                0x00e1eae0                __aeabi_uidiv
 .text.__divsi3
                0x00e1eb7c       0xcc arch/arm/lib/lib.a(lib1funcs.o)
                0x00e1eb7c                __aeabi_idiv
                0x00e1eb7c                __divsi3
 .text.__aeabi_uidivmod
                0x00e1ec48       0x30 arch/arm/lib/lib.a(lib1funcs.o)
                0x00e1ec48                __aeabi_uidivmod
                0x00e1ec60                __aeabi_idivmod
 .text.Ldiv0    0x00e1ec78       0x10 arch/arm/lib/lib.a(lib1funcs.o)
 .text.__lshldi3
                0x00e1ec88       0x1c arch/arm/lib/lib.a(lshrdi3.o)
                0x00e1ec88                __aeabi_llsr
                0x00e1ec88                __lshrdi3
 .text.__div0   0x00e1eca4        0x4 arch/arm/lib/lib.a(div0.o)
                0x00e1eca4                __div0

.glue_7         0x00e1eca8        0x0
 .glue_7        0x00000000        0x0 linker stubs

.glue_7t        0x00e1eca8        0x0
 .glue_7t       0x00000000        0x0 linker stubs

.vfp11_veneer   0x00e1eca8        0x0
 .vfp11_veneer  0x00000000        0x0 linker stubs

.v4_bx          0x00e1eca8        0x0
 .v4_bx         0x00000000        0x0 linker stubs

.iplt           0x00e1eca8        0x0
 .iplt          0x00000000        0x0 arch/arm/cpu/arm926ejs/start.o
                0x00e1eca8                . = ALIGN (0x4)

.rodata         0x00e1eca8     0x6ffb
 *(SORT(.rodata*))
 .rodata        0x00e1eca8       0x80 arch/arm/lib/built-in.o
 .rodata.CSWTCH.28
                0x00e1ed28       0x20 common/built-in.o
 .rodata.CSWTCH.46
                0x00e1ed48       0x20 disk/built-in.o
 .rodata.CSWTCH.9
                0x00e1ed68       0x1c board/nuvoton/nuc970/built-in.o
 .rodata.boot_os
                0x00e1ed84       0x60 common/built-in.o
 .rodata.crc_table
                0x00e1ede4      0x400 lib/built-in.o
 .rodata.env_flags_varaccess_mask
                0x00e1f1e4       0x10 common/built-in.o
 .rodata.ext_csd_bits.9101
                0x00e1f1f4       0x14 drivers/mmc/built-in.o
 .rodata.ext_to_hostcaps.9102
                0x00e1f208       0x1c drivers/mmc/built-in.o
 .rodata.fbase  0x00e1f224       0x10 drivers/mmc/built-in.o
 .rodata.nuc970_emmc_ops
                0x00e1f234       0x14 drivers/mmc/built-in.o
 .rodata.nuc970_sd_ops
                0x00e1f248       0x14 drivers/mmc/built-in.o
 .rodata.op_adv
                0x00e1f25c      0x100 cmd/built-in.o
                0x00e1f25c                op_adv
 .rodata.op_table
                0x00e1f35c       0x68 cmd/built-in.o
 .rodata.sd_au_size
                0x00e1f3c4       0x40 drivers/mmc/built-in.o
 .rodata.uimage_arch
                0x00e1f404      0x138 common/built-in.o
 .rodata.uimage_comp
                0x00e1f53c       0x54 common/built-in.o
 .rodata.uimage_os
                0x00e1f590       0x78 common/built-in.o
 .rodata.uimage_type
                0x00e1f608      0x168 common/built-in.o
 .rodata.widths.9103
                0x00e1f770       0x14 drivers/mmc/built-in.o
 .rodata.crc16_tab
                0x00e1f784      0x200 lib/built-in.o
 .rodata.dbase.7104
                0x00e1f984       0x40 lib/built-in.o
 .rodata.dext.7105
                0x00e1f9c4       0x40 lib/built-in.o
 .rodata.distfix
                0x00e1fa04       0x80 lib/built-in.o
 .rodata.lbase.7102
                0x00e1fa84       0x3e lib/built-in.o
 .rodata.lenfix
                0x00e1fac2      0x800 lib/built-in.o
 .rodata.lext.7103
                0x00e202c2       0x3e lib/built-in.o
 .rodata.order.7198
                0x00e20300       0x26 lib/built-in.o
 .rodata        0x00e20326        0x3 common/built-in.o
 .rodata        0x00e20329        0x7 net/built-in.o
 .rodata.CSWTCH.66
                0x00e20330       0x16 common/built-in.o
 .rodata.__FUNCTION__.7448
                0x00e20346       0x12 drivers/mmc/built-in.o
 .rodata.__FUNCTION__.7510
                0x00e20358       0x14 net/built-in.o
 .rodata.__func__.7164
                0x00e2036c       0x10 common/built-in.o
 .rodata.__func__.7180
                0x00e2037c        0xb common/built-in.o
 .rodata.__func__.7187
                0x00e20387        0xb common/built-in.o
 .rodata.__func__.7539
                0x00e20392        0xe cmd/built-in.o
 .rodata.__func__.7576
                0x00e203a0        0xe cmd/built-in.o
 .rodata._ctype
                0x00e203ae      0x100 lib/built-in.o
                0x00e203ae                _ctype
 .rodata.default_environment
                0x00e204ae       0x1e common/built-in.o
                0x00e204ae                default_environment
 .rodata.digits.6759
                0x00e204cc       0x10 lib/built-in.o
 .rodata.env_flags_varaccess_rep
                0x00e204dc        0x5 common/built-in.o
 .rodata.env_flags_vartype_rep
                0x00e204e1        0x7 common/built-in.o
 .rodata.erase_seq
                0x00e204e8        0x4 common/built-in.o
 .rodata.hex_asc
                0x00e204ec       0x11 lib/built-in.o
 .rodata.multipliers
                0x00e204fd       0x10 drivers/mmc/built-in.o
 .rodata.names.6906
                0x00e2050d        0x6 lib/built-in.o
 .rodata.net_bcast_ethaddr
                0x00e20513        0x6 net/built-in.o
                0x00e20513                net_bcast_ethaddr
 .rodata.str1.1
                0x00e20519       0x37 arch/arm/cpu/arm926ejs/built-in.o
                                 0x3f (size before relaxing)
 .rodata.str1.1
                0x00e20550      0x323 arch/arm/lib/built-in.o
                                0x36a (size before relaxing)
 .rodata.str1.1
                0x00e20873        0xf board/nuvoton/nuc970/built-in.o
 .rodata.str1.1
                0x00e20882     0x2743 cmd/built-in.o
                               0x28e9 (size before relaxing)
 .rodata.str1.1
                0x00e22fc5     0x143c common/built-in.o
                               0x1734 (size before relaxing)
 .rodata.str1.1
                0x00e24401      0x455 disk/built-in.o
                                0x47e (size before relaxing)
 .rodata.str1.1
                0x00e24856      0x442 drivers/mmc/built-in.o
                                0x4a2 (size before relaxing)
 .rodata.str1.1
                0x00e24c98       0x57 drivers/serial/built-in.o
                                 0x92 (size before relaxing)
 .rodata.str1.1
                0x00e24cef      0x2b8 fs/built-in.o
                                0x311 (size before relaxing)
 .rodata.str1.1
                0x00e24fa7      0x58b lib/built-in.o
                                0x5b9 (size before relaxing)
 .rodata.str1.1
                0x00e25532      0x73a net/built-in.o
                                0x7ff (size before relaxing)
 .rodata.tab_seq
                0x00e25c6c        0x9 common/built-in.o
 .rodata.version_string
                0x00e25c75       0x2e cmd/built-in.o
                0x00e25c75                version_string

.hash           0x00e25ca4       0x2c
 .hash          0x00e25ca4       0x2c arch/arm/cpu/arm926ejs/start.o
                0x00e25cd0                . = ALIGN (0x4)

.data           0x00e25cd0      0xf08
 *(.data*)
 .data.bootm_help_text
                0x00e25cd0      0x245 cmd/built-in.o
 *fill*         0x00e25f15        0x3 
 .data.cmd_bootm_sub
                0x00e25f18       0xe0 cmd/built-in.o
 .data.source_help_text
                0x00e25ff8       0x4e cmd/built-in.o
 *fill*         0x00e26046        0x2 
 .data.do_echo  0x00e26048        0x4 cmd/built-in.o
 .data.dp_last_length
                0x00e2604c        0x4 cmd/built-in.o
 .data.curr_device
                0x00e26050        0x4 cmd/built-in.o
 .data.cmd_mmc  0x00e26054      0x118 cmd/built-in.o
 .data.imgextract_help_text
                0x00e2616c       0x55 cmd/built-in.o
 .data.env_help_text
                0x00e261c1      0x24f cmd/built-in.o
 .data.env_id   0x00e26410        0x4 cmd/built-in.o
 .data.cmd_env_sub
                0x00e26414      0x118 cmd/built-in.o
 .data.reserved_list
                0x00e2652c       0x84 common/built-in.o
 .data.init_sequence_f
                0x00e265b0       0x94 common/built-in.o
 .data.init_sequence_r
                0x00e26644       0x68 common/built-in.o
                0x00e26644                init_sequence_r
 .data.first_call
                0x00e266ac        0x8 common/built-in.o
 .data.env_name_spec
                0x00e266b4        0x4 common/built-in.o
                0x00e266b4                env_name_spec
 .data.env_htab
                0x00e266b8       0x10 common/built-in.o
                0x00e266b8                env_htab
 .data.av_      0x00e266c8      0x408 common/built-in.o
 .data.sbrk_base
                0x00e26ad0        0x4 common/built-in.o
 .data.trim_threshold
                0x00e26ad4        0x4 common/built-in.o
 .data.load_addr
                0x00e26ad8        0x4 common/built-in.o
                0x00e26ad8                load_addr
 .data.stdio_names
                0x00e26adc        0xc common/built-in.o
                0x00e26adc                stdio_names
 .data.hist_cur
                0x00e26ae8        0x4 common/built-in.o
 .data.cur_dev_num
                0x00e26aec        0x4 drivers/mmc/built-in.o
 .data.nuc970_emmc_cfg
                0x00e26af0       0x20 drivers/mmc/built-in.o
 .data.nuc970_sd_cfg
                0x00e26b10       0x20 drivers/mmc/built-in.o
 .data.nuc970_serial_drv
                0x00e26b30       0x30 drivers/serial/built-in.o
 .data.fstypes  0x00e26b60       0x58 fs/built-in.o
 .data.first_call.7294
                0x00e26bb8        0x4 net/built-in.o
 .data.net_native_vlan
                0x00e26bbc        0x2 net/built-in.o
                0x00e26bbc                net_native_vlan
 .data.net_our_vlan
                0x00e26bbe        0x2 net/built-in.o
                0x00e26bbe                net_our_vlan
 .data.nfs_offset
                0x00e26bc0        0x4 net/built-in.o
 .data.supported_nfs_versions
                0x00e26bc4        0x1 net/built-in.o
 *fill*         0x00e26bc5        0x1 
 .data.tftp_block_size_option
                0x00e26bc6        0x2 net/built-in.o
 .data.tftp_timeout_count_max
                0x00e26bc8        0x4 net/built-in.o
                0x00e26bc8                tftp_timeout_count_max
 .data.timeout_ms
                0x00e26bcc        0x4 net/built-in.o
 .data.tftp_block_size
                0x00e26bd0        0x2 net/built-in.o
 *fill*         0x00e26bd2        0x2 
 .data.timeout_count_max
                0x00e26bd4        0x4 net/built-in.o

.got            0x00e26bd8        0x0
 .got           0x00000000        0x0 arch/arm/cpu/arm926ejs/start.o

.got.plt        0x00e26bd8        0xc
 .got.plt       0x00e26bd8        0xc arch/arm/cpu/arm926ejs/start.o
                0x00e26bd8                _GLOBAL_OFFSET_TABLE_

.igot.plt       0x00e26be4        0x0
 .igot.plt      0x00000000        0x0 arch/arm/cpu/arm926ejs/start.o
                0x00e26be4                . = ALIGN (0x4)
                0x00e26be4                . = .
                0x00e26be4                . = ALIGN (0x4)

.u_boot_list    0x00e26be4      0x648
 *(SORT(.u_boot_list*))
 .u_boot_list_2_blk_driver_1
                0x00e26be4        0x0 drivers/built-in.o
 .u_boot_list_2_blk_driver_2_mmc
                0x00e26be4       0x18 drivers/mmc/built-in.o
                0x00e26be4                _u_boot_list_2_blk_driver_2_mmc
 .u_boot_list_2_blk_driver_3
                0x00e26bfc        0x0 drivers/built-in.o
 .u_boot_list_2_cmd_1
                0x00e26bfc        0x0 cmd/built-in.o
 .u_boot_list_2_cmd_1
                0x00e26bfc        0x0 common/built-in.o
 .u_boot_list_2_cmd_2_base
                0x00e26bfc       0x1c cmd/built-in.o
                0x00e26bfc                _u_boot_list_2_cmd_2_base
 .u_boot_list_2_cmd_2_bdinfo
                0x00e26c18       0x1c cmd/built-in.o
                0x00e26c18                _u_boot_list_2_cmd_2_bdinfo
 .u_boot_list_2_cmd_2_boot
                0x00e26c34       0x1c cmd/built-in.o
                0x00e26c34                _u_boot_list_2_cmd_2_boot
 .u_boot_list_2_cmd_2_bootd
                0x00e26c50       0x1c cmd/built-in.o
                0x00e26c50                _u_boot_list_2_cmd_2_bootd
 .u_boot_list_2_cmd_2_bootelf
                0x00e26c6c       0x1c cmd/built-in.o
                0x00e26c6c                _u_boot_list_2_cmd_2_bootelf
 .u_boot_list_2_cmd_2_bootm
                0x00e26c88       0x1c cmd/built-in.o
                0x00e26c88                _u_boot_list_2_cmd_2_bootm
 .u_boot_list_2_cmd_2_bootp
                0x00e26ca4       0x1c cmd/built-in.o
                0x00e26ca4                _u_boot_list_2_cmd_2_bootp
 .u_boot_list_2_cmd_2_bootvx
                0x00e26cc0       0x1c cmd/built-in.o
                0x00e26cc0                _u_boot_list_2_cmd_2_bootvx
 .u_boot_list_2_cmd_2_cmp
                0x00e26cdc       0x1c cmd/built-in.o
                0x00e26cdc                _u_boot_list_2_cmd_2_cmp
 .u_boot_list_2_cmd_2_coninfo
                0x00e26cf8       0x1c cmd/built-in.o
                0x00e26cf8                _u_boot_list_2_cmd_2_coninfo
 .u_boot_list_2_cmd_2_cp
                0x00e26d14       0x1c cmd/built-in.o
                0x00e26d14                _u_boot_list_2_cmd_2_cp
 .u_boot_list_2_cmd_2_crc32
                0x00e26d30       0x1c cmd/built-in.o
                0x00e26d30                _u_boot_list_2_cmd_2_crc32
 .u_boot_list_2_cmd_2_echo
                0x00e26d4c       0x1c cmd/built-in.o
                0x00e26d4c                _u_boot_list_2_cmd_2_echo
 .u_boot_list_2_cmd_2_editenv
                0x00e26d68       0x1c cmd/built-in.o
                0x00e26d68                _u_boot_list_2_cmd_2_editenv
 .u_boot_list_2_cmd_2_env
                0x00e26d84       0x1c cmd/built-in.o
                0x00e26d84                _u_boot_list_2_cmd_2_env
 .u_boot_list_2_cmd_2_exit
                0x00e26da0       0x1c cmd/built-in.o
                0x00e26da0                _u_boot_list_2_cmd_2_exit
 .u_boot_list_2_cmd_2_false
                0x00e26dbc       0x1c cmd/built-in.o
                0x00e26dbc                _u_boot_list_2_cmd_2_false
 .u_boot_list_2_cmd_2_fatinfo
                0x00e26dd8       0x1c cmd/built-in.o
                0x00e26dd8                _u_boot_list_2_cmd_2_fatinfo
 .u_boot_list_2_cmd_2_fatload
                0x00e26df4       0x1c cmd/built-in.o
                0x00e26df4                _u_boot_list_2_cmd_2_fatload
 .u_boot_list_2_cmd_2_fatls
                0x00e26e10       0x1c cmd/built-in.o
                0x00e26e10                _u_boot_list_2_cmd_2_fatls
 .u_boot_list_2_cmd_2_fatsize
                0x00e26e2c       0x1c cmd/built-in.o
                0x00e26e2c                _u_boot_list_2_cmd_2_fatsize
 .u_boot_list_2_cmd_2_go
                0x00e26e48       0x1c cmd/built-in.o
                0x00e26e48                _u_boot_list_2_cmd_2_go
 .u_boot_list_2_cmd_2_help
                0x00e26e64       0x1c cmd/built-in.o
                0x00e26e64                _u_boot_list_2_cmd_2_help
 .u_boot_list_2_cmd_2_iminfo
                0x00e26e80       0x1c cmd/built-in.o
                0x00e26e80                _u_boot_list_2_cmd_2_iminfo
 .u_boot_list_2_cmd_2_imxtract
                0x00e26e9c       0x1c cmd/built-in.o
                0x00e26e9c                _u_boot_list_2_cmd_2_imxtract
 .u_boot_list_2_cmd_2_itest
                0x00e26eb8       0x1c cmd/built-in.o
                0x00e26eb8                _u_boot_list_2_cmd_2_itest
 .u_boot_list_2_cmd_2_loadb
                0x00e26ed4       0x1c cmd/built-in.o
                0x00e26ed4                _u_boot_list_2_cmd_2_loadb
 .u_boot_list_2_cmd_2_loads
                0x00e26ef0       0x1c cmd/built-in.o
                0x00e26ef0                _u_boot_list_2_cmd_2_loads
 .u_boot_list_2_cmd_2_loadx
                0x00e26f0c       0x1c cmd/built-in.o
                0x00e26f0c                _u_boot_list_2_cmd_2_loadx
 .u_boot_list_2_cmd_2_loady
                0x00e26f28       0x1c cmd/built-in.o
                0x00e26f28                _u_boot_list_2_cmd_2_loady
 .u_boot_list_2_cmd_2_loop
                0x00e26f44       0x1c cmd/built-in.o
                0x00e26f44                _u_boot_list_2_cmd_2_loop
 .u_boot_list_2_cmd_2_md
                0x00e26f60       0x1c cmd/built-in.o
                0x00e26f60                _u_boot_list_2_cmd_2_md
 .u_boot_list_2_cmd_2_mm