mmc.c:1045:13:mmc_set_ios	8	static
mmc.c:566:12:mmc_set_capacity	24	static
mmc.c:34:12:board_mmc_getwp	0	static
mmc.c:39:5:mmc_getwp	8	static
mmc.c:55:12:board_mmc_getcd	0	static
mmc.c:130:5:mmc_send_cmd	8	static
mmc.c:472:12:mmc_send_ext_csd	56	static
mmc.c:294:12:mmc_go_idle	40	static
mmc.c:383:12:mmc_send_op_cond_iter	40	static
mmc.c:142:5:mmc_send_status	48	static
mmc.c:186:5:mmc_set_blocklen	40	static
mmc.c:244:7:mmc_bread	80	static
mmc.c:493:5:mmc_switch	40	static
mmc.c:594:5:mmc_switch_part	24	static
mmc.c:614:5:mmc_hwpart_config	616	static
mmc.c:809:5:mmc_getcd	8	static
mmc.c:1052:6:mmc_set_clock	0	static
mmc.c:1072:12:mmc_startup	1328	static
mmc.c:1582:13:board_mmc_power_init	0	static
mmc.c:1611:5:mmc_start_init	56	static
mmc.c:1701:5:mmc_init	16	static
mmc.c:1724:5:mmc_set_dsr	0	static
mmc.c:1731:12:cpu_mmc_init	0	static
mmc.c:1737:12:board_mmc_init	0	static
mmc.c:1742:6:mmc_set_preinit	0	static
mmc.c:1791:5:mmc_initialize	8	static
