board_f.c:151:12:display_text_info	0	static
board_f.c:270:12:setup_mon_len	0	static
board_f.c:288:12:arch_cpu_init	0	static
board_f.c:293:12:mach_cpu_init	0	static
board_f.c:424:12:reserve_round_4k	0	static
board_f.c:502:12:reserve_trace	0	static
board_f.c:514:12:reserve_uboot	0	static
board_f.c:537:12:reserve_malloc	0	static
board_f.c:559:12:setup_machine	0	static
board_f.c:567:12:reserve_global_data	0	static
board_f.c:576:12:reserve_fdt	0	static
board_f.c:615:12:display_new_sp	0	static
board_f.c:809:12:initf_console_record	0	static
board_f.c:818:12:initf_dm	0	static
board_f.c:837:12:reserve_arch	0	static
board_f.c:842:12:arch_cpu_init_dm	0	static
board_f.c:177:12:announce_dram_init	8	static
board_f.c:145:12:init_baud_rate	8	static
board_f.c:802:12:mark_bootstage	8	static
board_f.c:742:12:setup_reloc	8	static
board_f.c:728:12:reloc_fdt	8	static
board_f.c:546:12:reserve_board	8	static
board_f.c:91:13:coloured_LED_init	0	static
board_f.c:92:13:red_led_on	0	static
board_f.c:93:13:red_led_off	0	static
board_f.c:94:13:green_led_on	0	static
board_f.c:95:13:green_led_off	0	static
board_f.c:96:13:yellow_led_on	0	static
board_f.c:97:13:yellow_led_off	0	static
board_f.c:98:13:blue_led_on	0	static
board_f.c:99:13:blue_led_off	0	static
board_f.c:140:13:board_add_ram_info	0	static
board_f.c:202:12:show_dram_config	16	static
board_f.c:230:13:dram_init_banksize	8	static
board_f.c:720:12:setup_dram_config	8	static
board_f.c:311:14:board_get_usable_ram_top	0	static
board_f.c:328:20:board_reserve_ram_top	0	static
board_f.c:337:12:setup_dest_addr	16	static
board_f.c:597:5:arch_reserve_stacks	0	static
board_f.c:602:12:reserve_stacks	0	static
board_f.c:1054:6:board_init_f	8	static
